SQL> create table student(StudentID char(5) primary key, Last varchar2(15) not null,First varchar2(15) not null, Street varchar2(25), City varchar2(15), State varchar2(15) default 'NJ', Zip varchar(5), StartTerm char(4), Birthday date, FacultyID number(3), MajorID number(3), phone char(10));
create table student(StudentID char(5) primary key, Last varchar2(15) not null,First varchar2(15) not null, Street varchar2(25), City varchar2(15), State varchar2(15) default 'NJ', Zip varchar(5), StartTerm char(4), Birthday date, FacultyID number(3), MajorID number(3), phone char(10))
             *
ERROR at line 1:
ORA-00955: name is already used by an existing object 


SQL> create table student(StudentID char(5) primary key, Last varchar2(15) not null,First varchar2(15) not null, Street varchar2(25), City varchar2(15), State varchar2(15) default 'NJ', Zip varchar(5), StartTerm char(4), Birthday date, FacultyID number(3), MajorID number(3), phone char(10));
create table student(StudentID char(5) primary key, Last varchar2(15) not null,First varchar2(15) not null, Street varchar2(25), City varchar2(15), State varchar2(15) default 'NJ', Zip varchar(5), StartTerm char(4), Birthday date, FacultyID number(3), MajorID number(3), phone char(10))
             *
ERROR at line 1:
ORA-00955: name is already used by an existing object 


SQL> drop table student;

Table dropped.

SQL> create table student(StudentID char(5) primary key, Last varchar2(15) not null,First varchar2(15) not null, Street varchar2(25), City varchar2(15), State varchar2(15) default 'NJ', Zip varchar(5), StartTerm char(4), Birthday date, FacultyID number(3), MajorID number(3), phone char(10));

Table created.

SQL> desc student
 Name                                      Null?    Type
 ----------------------------------------- -------- ----------------------------
 STUDENTID                                 NOT NULL CHAR(5)
 LAST                                      NOT NULL VARCHAR2(15)
 FIRST                                     NOT NULL VARCHAR2(15)
 STREET                                             VARCHAR2(25)
 CITY                                               VARCHAR2(15)
 STATE                                              VARCHAR2(15)
 ZIP                                                VARCHAR2(5)
 STARTTERM                                          CHAR(4)
 BIRTHDAY                                           DATE
 FACULTYID                                          NUMBER(3)
 MAJORID                                            NUMBER(3)
 PHONE                                              CHAR(10)

SQL> create table faculty(FacultyID number(3) primary key, Name varchar2(15) not null, RoomID number(2), Phone char(3) unique, DeptID number(1));

Table created.

SQL> create table crssection(CsID number(4) primary key, CourseID varchar2(6) not null, Section char(2) not null, TermID char(4) not null, FacultyID number(3), Day varchar2(2), StartTime varchar2(5), EndTime varchar2(5), RoomID number(2), MaxCount number(2) constraint maxcount_chk check(MaxCount>0));

Table created.

SQL> create table course(CourseID varchar2(6) primary key, title varchar2(20) unique, credits number(1) constraint credits_chk check(credits>=0 and credits<=4), prereq varchar2(6));

Table created.

SQL> create table registration(StudentID char(5), CsID number(4), MidTerm char constraint midterm_chk check(midterm in('A', 'B', 'C', 'D', 'F', 'W')), Final char constraint final_chk check(final in('A', 'B', 'C', 'D', 'I', 'F', 'W')), regstatus char regstatus_chk check(regstatus in ('X', 'R', 'W'));
create table registration(StudentID char(5), CsID number(4), MidTerm char constraint midterm_chk check(midterm in('A', 'B', 'C', 'D', 'F', 'W')), Final char constraint final_chk check(final in('A', 'B', 'C', 'D', 'I', 'F', 'W')), regstatus char regstatus_chk check(regstatus in ('X', 'R', 'W'))
                                                                                                                                                                                                                                                     *
ERROR at line 1:
ORA-00907: missing right parenthesis 


SQL> create table registration(StudentID char(5), CsID number(4), MidTerm char constraint midterm_chk check(midterm in('A', 'B', 'C', 'D', 'F', 'W')), Final char constraint final_chk check(final in('A', 'B', 'C', 'D', 'I', 'F', 'W')), regstatus char constraint regstatus_chk check(regstatus in ('X', 'R', 'W'));
create table registration(StudentID char(5), CsID number(4), MidTerm char constraint midterm_chk check(midterm in('A', 'B', 'C', 'D', 'F', 'W')), Final char constraint final_chk check(final in('A', 'B', 'C', 'D', 'I', 'F', 'W')), regstatus char constraint regstatus_chk check(regstatus in ('X', 'R', 'W'))
                                                                                                                                                                                                                                                                                                                *
ERROR at line 1:
ORA-00907: missing right parenthesis 


SQL> create table registration(StudentID char(5), CsID number(4), MidTerm char constraint midterm_chk check(midterm in('A', 'B', 'C', 'D', 'F', 'W')), Final char constraint final_chk check(final in('A', 'B', 'C', 'D', 'I', 'F', 'W')), regstatus char constraint regstatus_chk check(regstatus in ('X', 'R', 'W')));

Table created.

SQL> desc registration;
 Name                                      Null?    Type
 ----------------------------------------- -------- ----------------------------
 STUDENTID                                          CHAR(5)
 CSID                                               NUMBER(4)
 MIDTERM                                            CHAR(1)
 FINAL                                              CHAR(1)
 REGSTATUS                                          CHAR(1)

SQL> create table room(roomtype char primary key, roomdesc varchar2(9));

Table created.

SQL> desc room;
 Name                                      Null?    Type
 ----------------------------------------- -------- ----------------------------
 ROOMTYPE                                  NOT NULL CHAR(1)
 ROOMDESC                                           VARCHAR2(9)

SQL> create table location(roomID number(2) primary key, building varchar2(7) not null, roomno char(3) not null unique, capacity number(2) constraint capacity_chk check(capacity>0), roomtype char);

Table created.

SQL> desc location;
 Name                                      Null?    Type
 ----------------------------------------- -------- ----------------------------
 ROOMID                                    NOT NULL NUMBER(2)
 BUILDING                                  NOT NULL VARCHAR2(7)
 ROOMNO                                    NOT NULL CHAR(3)
 CAPACITY                                           NUMBER(2)
 ROOMTYPE                                           CHAR(1)

SQL> create table term(termid char(4) primary key, termdesc varchar2(11), startdate date. enddate date);
create table term(termid char(4) primary key, termdesc varchar2(11), startdate date. enddate date)
                                                                                   *
ERROR at line 1:
ORA-00907: missing right parenthesis 


SQL> create table term(termid char(4) primary key, termdesc varchar2(11), startdate date, enddate date);

Table created.

SQL> desc term;
 Name                                      Null?    Type
 ----------------------------------------- -------- ----------------------------
 TERMID                                    NOT NULL CHAR(4)
 TERMDESC                                           VARCHAR2(11)
 STARTDATE                                          DATE
 ENDDATE                                            DATE

SQL> create tabel department(deptid number(1) primary key, deptname varchar2(20), facultyid number(3));
create tabel department(deptid number(1) primary key, deptname varchar2(20), facultyid number(3))
       *
ERROR at line 1:
ORA-00901: invalid CREATE command 


SQL> create table department(deptid number(1) primary key, deptname varchar2(20), facultyid number(3));

Table created.

SQL> create table major(majorid number(3) primary key, majordesc varchar2(25));

Table created.

SQL> alter table student add constraint term_fk foreign key(startterm) references term(termid);

Table altered.

SQL> alter table student add constraint faculty_fk foreign key(startterm) references faculty(facultyid);
alter table student add constraint faculty_fk foreign key(startterm) references faculty(facultyid)
                                                          *
ERROR at line 1:
ORA-02267: column type incompatible with referenced column type 


SQL> alter table student add constraint faculty_fk foreign key(facultyid) references faculty(facultyid);

Table altered.

SQL> alter table student add constraint major_fk foreign key(majorid) references major(majorid);

Table altered.

SQL> alter table faculty add constraint roomid_fk foreign key(roomid) references location(roomid);

Table altered.

SQL> alter table deptid add constraint deptid_fk foreign key(deptid) references department(deptid);
alter table deptid add constraint deptid_fk foreign key(deptid) references department(deptid)
*
ERROR at line 1:
ORA-00942: table or view does not exist 


SQL> create table department(deptid number(1) primary key, deptname varchar2(20), facultyid number(3));
create table department(deptid number(1) primary key, deptname varchar2(20), facultyid number(3))
             *
ERROR at line 1:
ORA-00955: name is already used by an existing object 


SQL> desc department;
 Name                                      Null?    Type
 ----------------------------------------- -------- ----------------------------
 DEPTID                                    NOT NULL NUMBER(1)
 DEPTNAME                                           VARCHAR2(20)
 FACULTYID                                          NUMBER(3)

SQL> alter table faculty add constraint deptid_fk foreign key(deptid) references department(deptid);

Table altered.

SQL> alter table crssection add constraint courseid_fk foreign key(courseid) references course(courseid);

Table altered.

SQL> alter table crssection add constraint termid_fk foreign key(termid) references term(termid);

Table altered.

SQL> alter table crssection add constraint facultyid_fk foreign key(facultyid) references faculty(facultyid);

Table altered.

SQL> alter table crssection add constraint roomid_fk foreign key(roomid) references location(roomid);
alter table crssection add constraint roomid_fk foreign key(roomid) references location(roomid)
                                      *
ERROR at line 1:
ORA-02264: name already used by an existing constraint 


SQL> alter table crssection add constraint roomid_crs_fk foreign key(roomid) references location(roomid);

Table altered.

SQL> alter table course add constraint prereq_fk foreign key(prereq) references course(courseid);

Table altered.

SQL> alter table registration add constraint registration_pk primary key(studentid, csid);

Table altered.

SQL> alter table registration add constraint studentid_fk foreign key(studentid;
alter table registration add constraint studentid_fk foreign key(studentid
                                                                         *
ERROR at line 1:
ORA-00907: missing right parenthesis 


SQL> alter table registration add constraint studentid_fk foreign key(studentid) references student(studentid);

Table altered.

SQL> alter table registration add constraint csid_fk foreign key(csid) references crssection(csid);

Table altered.

SQL> alter table location add constraint roomtype_fk foreign key(roomtype) references room(roomtype);

Table altered.

SQL> alter table department constraint facultyid_fk foreign key(facultyid) references faculty(facultyid);
alter table department constraint facultyid_fk foreign key(facultyid) references faculty(facultyid)
                       *
ERROR at line 1:
ORA-01735: invalid ALTER TABLE option 


SQL> alter table department add constraint facultyid_fk foreign key(facultyid) references faculty(facultyid);
alter table department add constraint facultyid_fk foreign key(facultyid) references faculty(facultyid)
                                      *
ERROR at line 1:
ORA-02264: name already used by an existing constraint 


SQL> alter table department add constraint facultyid_dep_fk foreign key(facultyid) references faculty(facultyid);

Table altered.

SQL> select constraint_name, constraint_type from user_constraints where TABLE_NAME = student;
select constraint_name, constraint_type from user_constraints where TABLE_NAME = student
                                                                                 *
ERROR at line 1:
ORA-00904: "STUDENT": invalid identifier 


SQL> select constraint_name, constraint_type from user_constraints where table_name = STUDENT;
select constraint_name, constraint_type from user_constraints where table_name = STUDENT
                                                                                 *
ERROR at line 1:
ORA-00904: "STUDENT": invalid identifier 


SQL> select constraint_name, constraint_type from user_constraints where  TABLE_NAME = STUDENT;
select constraint_name, constraint_type from user_constraints where  TABLE_NAME = STUDENT
                                                                                  *
ERROR at line 1:
ORA-00904: "STUDENT": invalid identifier 


SQL> select constraint_name, constraint_type from user_constraints where table_name = 'STUDENT';

CONSTRAINT_NAME                C                                                
------------------------------ -                                                
TERM_FK                        R                                                
FACULTY_FK                     R                                                
MAJOR_FK                       R                                                
SYS_C007043                    C                                                
SYS_C007044                    C                                                
SYS_C007045                    P                                                

6 rows selected.

SQL> select * from user_constraints where table_name = 'STUDENT';

OWNER                                                                           
--------------------------------------------------------------------------------
CONSTRAINT_NAME                C TABLE_NAME                                     
------------------------------ - ------------------------------                 
SEARCH_CONDITION                                                                
--------------------------------------------------------------------------------
R_OWNER                                                                         
--------------------------------------------------------------------------------
R_CONSTRAINT_NAME              DELETE_RU STATUS   DEFERRABLE     DEFERRED       
------------------------------ --------- -------- -------------- ---------      
VALIDATED     GENERATED      BAD RELY LAST_CHAN INDEX_OWNER                     
------------- -------------- --- ---- --------- ------------------------------  
INDEX_NAME                     INVALID VIEW_RELATED                             
------------------------------ ------- --------------                           
KICKY                                                                           

OWNER                                                                           
--------------------------------------------------------------------------------
CONSTRAINT_NAME                C TABLE_NAME                                     
------------------------------ - ------------------------------                 
SEARCH_CONDITION                                                                
--------------------------------------------------------------------------------
R_OWNER                                                                         
--------------------------------------------------------------------------------
R_CONSTRAINT_NAME              DELETE_RU STATUS   DEFERRABLE     DEFERRED       
------------------------------ --------- -------- -------------- ---------      
VALIDATED     GENERATED      BAD RELY LAST_CHAN INDEX_OWNER                     
------------- -------------- --- ---- --------- ------------------------------  
INDEX_NAME                     INVALID VIEW_RELATED                             
------------------------------ ------- --------------                           
TERM_FK                        R STUDENT                                        

OWNER                                                                           
--------------------------------------------------------------------------------
CONSTRAINT_NAME                C TABLE_NAME                                     
------------------------------ - ------------------------------                 
SEARCH_CONDITION                                                                
--------------------------------------------------------------------------------
R_OWNER                                                                         
--------------------------------------------------------------------------------
R_CONSTRAINT_NAME              DELETE_RU STATUS   DEFERRABLE     DEFERRED       
------------------------------ --------- -------- -------------- ---------      
VALIDATED     GENERATED      BAD RELY LAST_CHAN INDEX_OWNER                     
------------- -------------- --- ---- --------- ------------------------------  
INDEX_NAME                     INVALID VIEW_RELATED                             
------------------------------ ------- --------------                           
                                                                                

OWNER                                                                           
--------------------------------------------------------------------------------
CONSTRAINT_NAME                C TABLE_NAME                                     
------------------------------ - ------------------------------                 
SEARCH_CONDITION                                                                
--------------------------------------------------------------------------------
R_OWNER                                                                         
--------------------------------------------------------------------------------
R_CONSTRAINT_NAME              DELETE_RU STATUS   DEFERRABLE     DEFERRED       
------------------------------ --------- -------- -------------- ---------      
VALIDATED     GENERATED      BAD RELY LAST_CHAN INDEX_OWNER                     
------------- -------------- --- ---- --------- ------------------------------  
INDEX_NAME                     INVALID VIEW_RELATED                             
------------------------------ ------- --------------                           
KICKY                                                                           

OWNER                                                                           
--------------------------------------------------------------------------------
CONSTRAINT_NAME                C TABLE_NAME                                     
------------------------------ - ------------------------------                 
SEARCH_CONDITION                                                                
--------------------------------------------------------------------------------
R_OWNER                                                                         
--------------------------------------------------------------------------------
R_CONSTRAINT_NAME              DELETE_RU STATUS   DEFERRABLE     DEFERRED       
------------------------------ --------- -------- -------------- ---------      
VALIDATED     GENERATED      BAD RELY LAST_CHAN INDEX_OWNER                     
------------- -------------- --- ---- --------- ------------------------------  
INDEX_NAME                     INVALID VIEW_RELATED                             
------------------------------ ------- --------------                           
SYS_C007066                    NO ACTION ENABLED  NOT DEFERRABLE IMMEDIATE      

OWNER                                                                           
--------------------------------------------------------------------------------
CONSTRAINT_NAME                C TABLE_NAME                                     
------------------------------ - ------------------------------                 
SEARCH_CONDITION                                                                
--------------------------------------------------------------------------------
R_OWNER                                                                         
--------------------------------------------------------------------------------
R_CONSTRAINT_NAME              DELETE_RU STATUS   DEFERRABLE     DEFERRED       
------------------------------ --------- -------- -------------- ---------      
VALIDATED     GENERATED      BAD RELY LAST_CHAN INDEX_OWNER                     
------------- -------------- --- ---- --------- ------------------------------  
INDEX_NAME                     INVALID VIEW_RELATED                             
------------------------------ ------- --------------                           
VALIDATED     USER NAME               10-FEB-22                                 

OWNER                                                                           
--------------------------------------------------------------------------------
CONSTRAINT_NAME                C TABLE_NAME                                     
------------------------------ - ------------------------------                 
SEARCH_CONDITION                                                                
--------------------------------------------------------------------------------
R_OWNER                                                                         
--------------------------------------------------------------------------------
R_CONSTRAINT_NAME              DELETE_RU STATUS   DEFERRABLE     DEFERRED       
------------------------------ --------- -------- -------------- ---------      
VALIDATED     GENERATED      BAD RELY LAST_CHAN INDEX_OWNER                     
------------- -------------- --- ---- --------- ------------------------------  
INDEX_NAME                     INVALID VIEW_RELATED                             
------------------------------ ------- --------------                           
                                                                                

OWNER                                                                           
--------------------------------------------------------------------------------
CONSTRAINT_NAME                C TABLE_NAME                                     
------------------------------ - ------------------------------                 
SEARCH_CONDITION                                                                
--------------------------------------------------------------------------------
R_OWNER                                                                         
--------------------------------------------------------------------------------
R_CONSTRAINT_NAME              DELETE_RU STATUS   DEFERRABLE     DEFERRED       
------------------------------ --------- -------- -------------- ---------      
VALIDATED     GENERATED      BAD RELY LAST_CHAN INDEX_OWNER                     
------------- -------------- --- ---- --------- ------------------------------  
INDEX_NAME                     INVALID VIEW_RELATED                             
------------------------------ ------- --------------                           
                                                                                

OWNER                                                                           
--------------------------------------------------------------------------------
CONSTRAINT_NAME                C TABLE_NAME                                     
------------------------------ - ------------------------------                 
SEARCH_CONDITION                                                                
--------------------------------------------------------------------------------
R_OWNER                                                                         
--------------------------------------------------------------------------------
R_CONSTRAINT_NAME              DELETE_RU STATUS   DEFERRABLE     DEFERRED       
------------------------------ --------- -------- -------------- ---------      
VALIDATED     GENERATED      BAD RELY LAST_CHAN INDEX_OWNER                     
------------- -------------- --- ---- --------- ------------------------------  
INDEX_NAME                     INVALID VIEW_RELATED                             
------------------------------ ------- --------------                           
KICKY                                                                           

OWNER                                                                           
--------------------------------------------------------------------------------
CONSTRAINT_NAME                C TABLE_NAME                                     
------------------------------ - ------------------------------                 
SEARCH_CONDITION                                                                
--------------------------------------------------------------------------------
R_OWNER                                                                         
--------------------------------------------------------------------------------
R_CONSTRAINT_NAME              DELETE_RU STATUS   DEFERRABLE     DEFERRED       
------------------------------ --------- -------- -------------- ---------      
VALIDATED     GENERATED      BAD RELY LAST_CHAN INDEX_OWNER                     
------------- -------------- --- ---- --------- ------------------------------  
INDEX_NAME                     INVALID VIEW_RELATED                             
------------------------------ ------- --------------                           
FACULTY_FK                     R STUDENT                                        

OWNER                                                                           
--------------------------------------------------------------------------------
CONSTRAINT_NAME                C TABLE_NAME                                     
------------------------------ - ------------------------------                 
SEARCH_CONDITION                                                                
--------------------------------------------------------------------------------
R_OWNER                                                                         
--------------------------------------------------------------------------------
R_CONSTRAINT_NAME              DELETE_RU STATUS   DEFERRABLE     DEFERRED       
------------------------------ --------- -------- -------------- ---------      
VALIDATED     GENERATED      BAD RELY LAST_CHAN INDEX_OWNER                     
------------- -------------- --- ---- --------- ------------------------------  
INDEX_NAME                     INVALID VIEW_RELATED                             
------------------------------ ------- --------------                           
                                                                                

OWNER                                                                           
--------------------------------------------------------------------------------
CONSTRAINT_NAME                C TABLE_NAME                                     
------------------------------ - ------------------------------                 
SEARCH_CONDITION                                                                
--------------------------------------------------------------------------------
R_OWNER                                                                         
--------------------------------------------------------------------------------
R_CONSTRAINT_NAME              DELETE_RU STATUS   DEFERRABLE     DEFERRED       
------------------------------ --------- -------- -------------- ---------      
VALIDATED     GENERATED      BAD RELY LAST_CHAN INDEX_OWNER                     
------------- -------------- --- ---- --------- ------------------------------  
INDEX_NAME                     INVALID VIEW_RELATED                             
------------------------------ ------- --------------                           
KICKY                                                                           

OWNER                                                                           
--------------------------------------------------------------------------------
CONSTRAINT_NAME                C TABLE_NAME                                     
------------------------------ - ------------------------------                 
SEARCH_CONDITION                                                                
--------------------------------------------------------------------------------
R_OWNER                                                                         
--------------------------------------------------------------------------------
R_CONSTRAINT_NAME              DELETE_RU STATUS   DEFERRABLE     DEFERRED       
------------------------------ --------- -------- -------------- ---------      
VALIDATED     GENERATED      BAD RELY LAST_CHAN INDEX_OWNER                     
------------- -------------- --- ---- --------- ------------------------------  
INDEX_NAME                     INVALID VIEW_RELATED                             
------------------------------ ------- --------------                           
SYS_C007047                    NO ACTION ENABLED  NOT DEFERRABLE IMMEDIATE      

OWNER                                                                           
--------------------------------------------------------------------------------
CONSTRAINT_NAME                C TABLE_NAME                                     
------------------------------ - ------------------------------                 
SEARCH_CONDITION                                                                
--------------------------------------------------------------------------------
R_OWNER                                                                         
--------------------------------------------------------------------------------
R_CONSTRAINT_NAME              DELETE_RU STATUS   DEFERRABLE     DEFERRED       
------------------------------ --------- -------- -------------- ---------      
VALIDATED     GENERATED      BAD RELY LAST_CHAN INDEX_OWNER                     
------------- -------------- --- ---- --------- ------------------------------  
INDEX_NAME                     INVALID VIEW_RELATED                             
------------------------------ ------- --------------                           
VALIDATED     USER NAME               10-FEB-22                                 

OWNER                                                                           
--------------------------------------------------------------------------------
CONSTRAINT_NAME                C TABLE_NAME                                     
------------------------------ - ------------------------------                 
SEARCH_CONDITION                                                                
--------------------------------------------------------------------------------
R_OWNER                                                                         
--------------------------------------------------------------------------------
R_CONSTRAINT_NAME              DELETE_RU STATUS   DEFERRABLE     DEFERRED       
------------------------------ --------- -------- -------------- ---------      
VALIDATED     GENERATED      BAD RELY LAST_CHAN INDEX_OWNER                     
------------- -------------- --- ---- --------- ------------------------------  
INDEX_NAME                     INVALID VIEW_RELATED                             
------------------------------ ------- --------------                           
                                                                                

OWNER                                                                           
--------------------------------------------------------------------------------
CONSTRAINT_NAME                C TABLE_NAME                                     
------------------------------ - ------------------------------                 
SEARCH_CONDITION                                                                
--------------------------------------------------------------------------------
R_OWNER                                                                         
--------------------------------------------------------------------------------
R_CONSTRAINT_NAME              DELETE_RU STATUS   DEFERRABLE     DEFERRED       
------------------------------ --------- -------- -------------- ---------      
VALIDATED     GENERATED      BAD RELY LAST_CHAN INDEX_OWNER                     
------------- -------------- --- ---- --------- ------------------------------  
INDEX_NAME                     INVALID VIEW_RELATED                             
------------------------------ ------- --------------                           
                                                                                

OWNER                                                                           
--------------------------------------------------------------------------------
CONSTRAINT_NAME                C TABLE_NAME                                     
------------------------------ - ------------------------------                 
SEARCH_CONDITION                                                                
--------------------------------------------------------------------------------
R_OWNER                                                                         
--------------------------------------------------------------------------------
R_CONSTRAINT_NAME              DELETE_RU STATUS   DEFERRABLE     DEFERRED       
------------------------------ --------- -------- -------------- ---------      
VALIDATED     GENERATED      BAD RELY LAST_CHAN INDEX_OWNER                     
------------- -------------- --- ---- --------- ------------------------------  
INDEX_NAME                     INVALID VIEW_RELATED                             
------------------------------ ------- --------------                           
KICKY                                                                           

OWNER                                                                           
--------------------------------------------------------------------------------
CONSTRAINT_NAME                C TABLE_NAME                                     
------------------------------ - ------------------------------                 
SEARCH_CONDITION                                                                
--------------------------------------------------------------------------------
R_OWNER                                                                         
--------------------------------------------------------------------------------
R_CONSTRAINT_NAME              DELETE_RU STATUS   DEFERRABLE     DEFERRED       
------------------------------ --------- -------- -------------- ---------      
VALIDATED     GENERATED      BAD RELY LAST_CHAN INDEX_OWNER                     
------------- -------------- --- ---- --------- ------------------------------  
INDEX_NAME                     INVALID VIEW_RELATED                             
------------------------------ ------- --------------                           
MAJOR_FK                       R STUDENT                                        

OWNER                                                                           
--------------------------------------------------------------------------------
CONSTRAINT_NAME                C TABLE_NAME                                     
------------------------------ - ------------------------------                 
SEARCH_CONDITION                                                                
--------------------------------------------------------------------------------
R_OWNER                                                                         
--------------------------------------------------------------------------------
R_CONSTRAINT_NAME              DELETE_RU STATUS   DEFERRABLE     DEFERRED       
------------------------------ --------- -------- -------------- ---------      
VALIDATED     GENERATED      BAD RELY LAST_CHAN INDEX_OWNER                     
------------- -------------- --- ---- --------- ------------------------------  
INDEX_NAME                     INVALID VIEW_RELATED                             
------------------------------ ------- --------------                           
                                                                                

OWNER                                                                           
--------------------------------------------------------------------------------
CONSTRAINT_NAME                C TABLE_NAME                                     
------------------------------ - ------------------------------                 
SEARCH_CONDITION                                                                
--------------------------------------------------------------------------------
R_OWNER                                                                         
--------------------------------------------------------------------------------
R_CONSTRAINT_NAME              DELETE_RU STATUS   DEFERRABLE     DEFERRED       
------------------------------ --------- -------- -------------- ---------      
VALIDATED     GENERATED      BAD RELY LAST_CHAN INDEX_OWNER                     
------------- -------------- --- ---- --------- ------------------------------  
INDEX_NAME                     INVALID VIEW_RELATED                             
------------------------------ ------- --------------                           
KICKY                                                                           

OWNER                                                                           
--------------------------------------------------------------------------------
CONSTRAINT_NAME                C TABLE_NAME                                     
------------------------------ - ------------------------------                 
SEARCH_CONDITION                                                                
--------------------------------------------------------------------------------
R_OWNER                                                                         
--------------------------------------------------------------------------------
R_CONSTRAINT_NAME              DELETE_RU STATUS   DEFERRABLE     DEFERRED       
------------------------------ --------- -------- -------------- ---------      
VALIDATED     GENERATED      BAD RELY LAST_CHAN INDEX_OWNER                     
------------- -------------- --- ---- --------- ------------------------------  
INDEX_NAME                     INVALID VIEW_RELATED                             
------------------------------ ------- --------------                           
SYS_C007068                    NO ACTION ENABLED  NOT DEFERRABLE IMMEDIATE      

OWNER                                                                           
--------------------------------------------------------------------------------
CONSTRAINT_NAME                C TABLE_NAME                                     
------------------------------ - ------------------------------                 
SEARCH_CONDITION                                                                
--------------------------------------------------------------------------------
R_OWNER                                                                         
--------------------------------------------------------------------------------
R_CONSTRAINT_NAME              DELETE_RU STATUS   DEFERRABLE     DEFERRED       
------------------------------ --------- -------- -------------- ---------      
VALIDATED     GENERATED      BAD RELY LAST_CHAN INDEX_OWNER                     
------------- -------------- --- ---- --------- ------------------------------  
INDEX_NAME                     INVALID VIEW_RELATED                             
------------------------------ ------- --------------                           
VALIDATED     USER NAME               10-FEB-22                                 

OWNER                                                                           
--------------------------------------------------------------------------------
CONSTRAINT_NAME                C TABLE_NAME                                     
------------------------------ - ------------------------------                 
SEARCH_CONDITION                                                                
--------------------------------------------------------------------------------
R_OWNER                                                                         
--------------------------------------------------------------------------------
R_CONSTRAINT_NAME              DELETE_RU STATUS   DEFERRABLE     DEFERRED       
------------------------------ --------- -------- -------------- ---------      
VALIDATED     GENERATED      BAD RELY LAST_CHAN INDEX_OWNER                     
------------- -------------- --- ---- --------- ------------------------------  
INDEX_NAME                     INVALID VIEW_RELATED                             
------------------------------ ------- --------------                           
                                                                                

OWNER                                                                           
--------------------------------------------------------------------------------
CONSTRAINT_NAME                C TABLE_NAME                                     
------------------------------ - ------------------------------                 
SEARCH_CONDITION                                                                
--------------------------------------------------------------------------------
R_OWNER                                                                         
--------------------------------------------------------------------------------
R_CONSTRAINT_NAME              DELETE_RU STATUS   DEFERRABLE     DEFERRED       
------------------------------ --------- -------- -------------- ---------      
VALIDATED     GENERATED      BAD RELY LAST_CHAN INDEX_OWNER                     
------------- -------------- --- ---- --------- ------------------------------  
INDEX_NAME                     INVALID VIEW_RELATED                             
------------------------------ ------- --------------                           
                                                                                

OWNER                                                                           
--------------------------------------------------------------------------------
CONSTRAINT_NAME                C TABLE_NAME                                     
------------------------------ - ------------------------------                 
SEARCH_CONDITION                                                                
--------------------------------------------------------------------------------
R_OWNER                                                                         
--------------------------------------------------------------------------------
R_CONSTRAINT_NAME              DELETE_RU STATUS   DEFERRABLE     DEFERRED       
------------------------------ --------- -------- -------------- ---------      
VALIDATED     GENERATED      BAD RELY LAST_CHAN INDEX_OWNER                     
------------- -------------- --- ---- --------- ------------------------------  
INDEX_NAME                     INVALID VIEW_RELATED                             
------------------------------ ------- --------------                           
KICKY                                                                           

OWNER                                                                           
--------------------------------------------------------------------------------
CONSTRAINT_NAME                C TABLE_NAME                                     
------------------------------ - ------------------------------                 
SEARCH_CONDITION                                                                
--------------------------------------------------------------------------------
R_OWNER                                                                         
--------------------------------------------------------------------------------
R_CONSTRAINT_NAME              DELETE_RU STATUS   DEFERRABLE     DEFERRED       
------------------------------ --------- -------- -------------- ---------      
VALIDATED     GENERATED      BAD RELY LAST_CHAN INDEX_OWNER                     
------------- -------------- --- ---- --------- ------------------------------  
INDEX_NAME                     INVALID VIEW_RELATED                             
------------------------------ ------- --------------                           
SYS_C007043                    C STUDENT                                        

OWNER                                                                           
--------------------------------------------------------------------------------
CONSTRAINT_NAME                C TABLE_NAME                                     
------------------------------ - ------------------------------                 
SEARCH_CONDITION                                                                
--------------------------------------------------------------------------------
R_OWNER                                                                         
--------------------------------------------------------------------------------
R_CONSTRAINT_NAME              DELETE_RU STATUS   DEFERRABLE     DEFERRED       
------------------------------ --------- -------- -------------- ---------      
VALIDATED     GENERATED      BAD RELY LAST_CHAN INDEX_OWNER                     
------------- -------------- --- ---- --------- ------------------------------  
INDEX_NAME                     INVALID VIEW_RELATED                             
------------------------------ ------- --------------                           
"LAST" IS NOT NULL                                                              

OWNER                                                                           
--------------------------------------------------------------------------------
CONSTRAINT_NAME                C TABLE_NAME                                     
------------------------------ - ------------------------------                 
SEARCH_CONDITION                                                                
--------------------------------------------------------------------------------
R_OWNER                                                                         
--------------------------------------------------------------------------------
R_CONSTRAINT_NAME              DELETE_RU STATUS   DEFERRABLE     DEFERRED       
------------------------------ --------- -------- -------------- ---------      
VALIDATED     GENERATED      BAD RELY LAST_CHAN INDEX_OWNER                     
------------- -------------- --- ---- --------- ------------------------------  
INDEX_NAME                     INVALID VIEW_RELATED                             
------------------------------ ------- --------------                           
                                                                                

OWNER                                                                           
--------------------------------------------------------------------------------
CONSTRAINT_NAME                C TABLE_NAME                                     
------------------------------ - ------------------------------                 
SEARCH_CONDITION                                                                
--------------------------------------------------------------------------------
R_OWNER                                                                         
--------------------------------------------------------------------------------
R_CONSTRAINT_NAME              DELETE_RU STATUS   DEFERRABLE     DEFERRED       
------------------------------ --------- -------- -------------- ---------      
VALIDATED     GENERATED      BAD RELY LAST_CHAN INDEX_OWNER                     
------------- -------------- --- ---- --------- ------------------------------  
INDEX_NAME                     INVALID VIEW_RELATED                             
------------------------------ ------- --------------                           
                                         ENABLED  NOT DEFERRABLE IMMEDIATE      

OWNER                                                                           
--------------------------------------------------------------------------------
CONSTRAINT_NAME                C TABLE_NAME                                     
------------------------------ - ------------------------------                 
SEARCH_CONDITION                                                                
--------------------------------------------------------------------------------
R_OWNER                                                                         
--------------------------------------------------------------------------------
R_CONSTRAINT_NAME              DELETE_RU STATUS   DEFERRABLE     DEFERRED       
------------------------------ --------- -------- -------------- ---------      
VALIDATED     GENERATED      BAD RELY LAST_CHAN INDEX_OWNER                     
------------- -------------- --- ---- --------- ------------------------------  
INDEX_NAME                     INVALID VIEW_RELATED                             
------------------------------ ------- --------------                           
VALIDATED     GENERATED NAME          10-FEB-22                                 

OWNER                                                                           
--------------------------------------------------------------------------------
CONSTRAINT_NAME                C TABLE_NAME                                     
------------------------------ - ------------------------------                 
SEARCH_CONDITION                                                                
--------------------------------------------------------------------------------
R_OWNER                                                                         
--------------------------------------------------------------------------------
R_CONSTRAINT_NAME              DELETE_RU STATUS   DEFERRABLE     DEFERRED       
------------------------------ --------- -------- -------------- ---------      
VALIDATED     GENERATED      BAD RELY LAST_CHAN INDEX_OWNER                     
------------- -------------- --- ---- --------- ------------------------------  
INDEX_NAME                     INVALID VIEW_RELATED                             
------------------------------ ------- --------------                           
                                                                                

OWNER                                                                           
--------------------------------------------------------------------------------
CONSTRAINT_NAME                C TABLE_NAME                                     
------------------------------ - ------------------------------                 
SEARCH_CONDITION                                                                
--------------------------------------------------------------------------------
R_OWNER                                                                         
--------------------------------------------------------------------------------
R_CONSTRAINT_NAME              DELETE_RU STATUS   DEFERRABLE     DEFERRED       
------------------------------ --------- -------- -------------- ---------      
VALIDATED     GENERATED      BAD RELY LAST_CHAN INDEX_OWNER                     
------------- -------------- --- ---- --------- ------------------------------  
INDEX_NAME                     INVALID VIEW_RELATED                             
------------------------------ ------- --------------                           
                                                                                

OWNER                                                                           
--------------------------------------------------------------------------------
CONSTRAINT_NAME                C TABLE_NAME                                     
------------------------------ - ------------------------------                 
SEARCH_CONDITION                                                                
--------------------------------------------------------------------------------
R_OWNER                                                                         
--------------------------------------------------------------------------------
R_CONSTRAINT_NAME              DELETE_RU STATUS   DEFERRABLE     DEFERRED       
------------------------------ --------- -------- -------------- ---------      
VALIDATED     GENERATED      BAD RELY LAST_CHAN INDEX_OWNER                     
------------- -------------- --- ---- --------- ------------------------------  
INDEX_NAME                     INVALID VIEW_RELATED                             
------------------------------ ------- --------------                           
KICKY                                                                           

OWNER                                                                           
--------------------------------------------------------------------------------
CONSTRAINT_NAME                C TABLE_NAME                                     
------------------------------ - ------------------------------                 
SEARCH_CONDITION                                                                
--------------------------------------------------------------------------------
R_OWNER                                                                         
--------------------------------------------------------------------------------
R_CONSTRAINT_NAME              DELETE_RU STATUS   DEFERRABLE     DEFERRED       
------------------------------ --------- -------- -------------- ---------      
VALIDATED     GENERATED      BAD RELY LAST_CHAN INDEX_OWNER                     
------------- -------------- --- ---- --------- ------------------------------  
INDEX_NAME                     INVALID VIEW_RELATED                             
------------------------------ ------- --------------                           
SYS_C007044                    C STUDENT                                        

OWNER                                                                           
--------------------------------------------------------------------------------
CONSTRAINT_NAME                C TABLE_NAME                                     
------------------------------ - ------------------------------                 
SEARCH_CONDITION                                                                
--------------------------------------------------------------------------------
R_OWNER                                                                         
--------------------------------------------------------------------------------
R_CONSTRAINT_NAME              DELETE_RU STATUS   DEFERRABLE     DEFERRED       
------------------------------ --------- -------- -------------- ---------      
VALIDATED     GENERATED      BAD RELY LAST_CHAN INDEX_OWNER                     
------------- -------------- --- ---- --------- ------------------------------  
INDEX_NAME                     INVALID VIEW_RELATED                             
------------------------------ ------- --------------                           
"FIRST" IS NOT NULL                                                             

OWNER                                                                           
--------------------------------------------------------------------------------
CONSTRAINT_NAME                C TABLE_NAME                                     
------------------------------ - ------------------------------                 
SEARCH_CONDITION                                                                
--------------------------------------------------------------------------------
R_OWNER                                                                         
--------------------------------------------------------------------------------
R_CONSTRAINT_NAME              DELETE_RU STATUS   DEFERRABLE     DEFERRED       
------------------------------ --------- -------- -------------- ---------      
VALIDATED     GENERATED      BAD RELY LAST_CHAN INDEX_OWNER                     
------------- -------------- --- ---- --------- ------------------------------  
INDEX_NAME                     INVALID VIEW_RELATED                             
------------------------------ ------- --------------                           
                                                                                

OWNER                                                                           
--------------------------------------------------------------------------------
CONSTRAINT_NAME                C TABLE_NAME                                     
------------------------------ - ------------------------------                 
SEARCH_CONDITION                                                                
--------------------------------------------------------------------------------
R_OWNER                                                                         
--------------------------------------------------------------------------------
R_CONSTRAINT_NAME              DELETE_RU STATUS   DEFERRABLE     DEFERRED       
------------------------------ --------- -------- -------------- ---------      
VALIDATED     GENERATED      BAD RELY LAST_CHAN INDEX_OWNER                     
------------- -------------- --- ---- --------- ------------------------------  
INDEX_NAME                     INVALID VIEW_RELATED                             
------------------------------ ------- --------------                           
                                         ENABLED  NOT DEFERRABLE IMMEDIATE      

OWNER                                                                           
--------------------------------------------------------------------------------
CONSTRAINT_NAME                C TABLE_NAME                                     
------------------------------ - ------------------------------                 
SEARCH_CONDITION                                                                
--------------------------------------------------------------------------------
R_OWNER                                                                         
--------------------------------------------------------------------------------
R_CONSTRAINT_NAME              DELETE_RU STATUS   DEFERRABLE     DEFERRED       
------------------------------ --------- -------- -------------- ---------      
VALIDATED     GENERATED      BAD RELY LAST_CHAN INDEX_OWNER                     
------------- -------------- --- ---- --------- ------------------------------  
INDEX_NAME                     INVALID VIEW_RELATED                             
------------------------------ ------- --------------                           
VALIDATED     GENERATED NAME          10-FEB-22                                 

OWNER                                                                           
--------------------------------------------------------------------------------
CONSTRAINT_NAME                C TABLE_NAME                                     
------------------------------ - ------------------------------                 
SEARCH_CONDITION                                                                
--------------------------------------------------------------------------------
R_OWNER                                                                         
--------------------------------------------------------------------------------
R_CONSTRAINT_NAME              DELETE_RU STATUS   DEFERRABLE     DEFERRED       
------------------------------ --------- -------- -------------- ---------      
VALIDATED     GENERATED      BAD RELY LAST_CHAN INDEX_OWNER                     
------------- -------------- --- ---- --------- ------------------------------  
INDEX_NAME                     INVALID VIEW_RELATED                             
------------------------------ ------- --------------                           
                                                                                

OWNER                                                                           
--------------------------------------------------------------------------------
CONSTRAINT_NAME                C TABLE_NAME                                     
------------------------------ - ------------------------------                 
SEARCH_CONDITION                                                                
--------------------------------------------------------------------------------
R_OWNER                                                                         
--------------------------------------------------------------------------------
R_CONSTRAINT_NAME              DELETE_RU STATUS   DEFERRABLE     DEFERRED       
------------------------------ --------- -------- -------------- ---------      
VALIDATED     GENERATED      BAD RELY LAST_CHAN INDEX_OWNER                     
------------- -------------- --- ---- --------- ------------------------------  
INDEX_NAME                     INVALID VIEW_RELATED                             
------------------------------ ------- --------------                           
                                                                                

OWNER                                                                           
--------------------------------------------------------------------------------
CONSTRAINT_NAME                C TABLE_NAME                                     
------------------------------ - ------------------------------                 
SEARCH_CONDITION                                                                
--------------------------------------------------------------------------------
R_OWNER                                                                         
--------------------------------------------------------------------------------
R_CONSTRAINT_NAME              DELETE_RU STATUS   DEFERRABLE     DEFERRED       
------------------------------ --------- -------- -------------- ---------      
VALIDATED     GENERATED      BAD RELY LAST_CHAN INDEX_OWNER                     
------------- -------------- --- ---- --------- ------------------------------  
INDEX_NAME                     INVALID VIEW_RELATED                             
------------------------------ ------- --------------                           
KICKY                                                                           

OWNER                                                                           
--------------------------------------------------------------------------------
CONSTRAINT_NAME                C TABLE_NAME                                     
------------------------------ - ------------------------------                 
SEARCH_CONDITION                                                                
--------------------------------------------------------------------------------
R_OWNER                                                                         
--------------------------------------------------------------------------------
R_CONSTRAINT_NAME              DELETE_RU STATUS   DEFERRABLE     DEFERRED       
------------------------------ --------- -------- -------------- ---------      
VALIDATED     GENERATED      BAD RELY LAST_CHAN INDEX_OWNER                     
------------- -------------- --- ---- --------- ------------------------------  
INDEX_NAME                     INVALID VIEW_RELATED                             
------------------------------ ------- --------------                           
SYS_C007045                    P STUDENT                                        

OWNER                                                                           
--------------------------------------------------------------------------------
CONSTRAINT_NAME                C TABLE_NAME                                     
------------------------------ - ------------------------------                 
SEARCH_CONDITION                                                                
--------------------------------------------------------------------------------
R_OWNER                                                                         
--------------------------------------------------------------------------------
R_CONSTRAINT_NAME              DELETE_RU STATUS   DEFERRABLE     DEFERRED       
------------------------------ --------- -------- -------------- ---------      
VALIDATED     GENERATED      BAD RELY LAST_CHAN INDEX_OWNER                     
------------- -------------- --- ---- --------- ------------------------------  
INDEX_NAME                     INVALID VIEW_RELATED                             
------------------------------ ------- --------------                           
                                                                                

OWNER                                                                           
--------------------------------------------------------------------------------
CONSTRAINT_NAME                C TABLE_NAME                                     
------------------------------ - ------------------------------                 
SEARCH_CONDITION                                                                
--------------------------------------------------------------------------------
R_OWNER                                                                         
--------------------------------------------------------------------------------
R_CONSTRAINT_NAME              DELETE_RU STATUS   DEFERRABLE     DEFERRED       
------------------------------ --------- -------- -------------- ---------      
VALIDATED     GENERATED      BAD RELY LAST_CHAN INDEX_OWNER                     
------------- -------------- --- ---- --------- ------------------------------  
INDEX_NAME                     INVALID VIEW_RELATED                             
------------------------------ ------- --------------                           
                                                                                

OWNER                                                                           
--------------------------------------------------------------------------------
CONSTRAINT_NAME                C TABLE_NAME                                     
------------------------------ - ------------------------------                 
SEARCH_CONDITION                                                                
--------------------------------------------------------------------------------
R_OWNER                                                                         
--------------------------------------------------------------------------------
R_CONSTRAINT_NAME              DELETE_RU STATUS   DEFERRABLE     DEFERRED       
------------------------------ --------- -------- -------------- ---------      
VALIDATED     GENERATED      BAD RELY LAST_CHAN INDEX_OWNER                     
------------- -------------- --- ---- --------- ------------------------------  
INDEX_NAME                     INVALID VIEW_RELATED                             
------------------------------ ------- --------------                           
                                         ENABLED  NOT DEFERRABLE IMMEDIATE      

OWNER                                                                           
--------------------------------------------------------------------------------
CONSTRAINT_NAME                C TABLE_NAME                                     
------------------------------ - ------------------------------                 
SEARCH_CONDITION                                                                
--------------------------------------------------------------------------------
R_OWNER                                                                         
--------------------------------------------------------------------------------
R_CONSTRAINT_NAME              DELETE_RU STATUS   DEFERRABLE     DEFERRED       
------------------------------ --------- -------- -------------- ---------      
VALIDATED     GENERATED      BAD RELY LAST_CHAN INDEX_OWNER                     
------------- -------------- --- ---- --------- ------------------------------  
INDEX_NAME                     INVALID VIEW_RELATED                             
------------------------------ ------- --------------                           
VALIDATED     GENERATED NAME          10-FEB-22 KICKY                           

OWNER                                                                           
--------------------------------------------------------------------------------
CONSTRAINT_NAME                C TABLE_NAME                                     
------------------------------ - ------------------------------                 
SEARCH_CONDITION                                                                
--------------------------------------------------------------------------------
R_OWNER                                                                         
--------------------------------------------------------------------------------
R_CONSTRAINT_NAME              DELETE_RU STATUS   DEFERRABLE     DEFERRED       
------------------------------ --------- -------- -------------- ---------      
VALIDATED     GENERATED      BAD RELY LAST_CHAN INDEX_OWNER                     
------------- -------------- --- ---- --------- ------------------------------  
INDEX_NAME                     INVALID VIEW_RELATED                             
------------------------------ ------- --------------                           
SYS_C007045                                                                     

OWNER                                                                           
--------------------------------------------------------------------------------
CONSTRAINT_NAME                C TABLE_NAME                                     
------------------------------ - ------------------------------                 
SEARCH_CONDITION                                                                
--------------------------------------------------------------------------------
R_OWNER                                                                         
--------------------------------------------------------------------------------
R_CONSTRAINT_NAME              DELETE_RU STATUS   DEFERRABLE     DEFERRED       
------------------------------ --------- -------- -------------- ---------      
VALIDATED     GENERATED      BAD RELY LAST_CHAN INDEX_OWNER                     
------------- -------------- --- ---- --------- ------------------------------  
INDEX_NAME                     INVALID VIEW_RELATED                             
------------------------------ ------- --------------                           
                                                                                

6 rows selected.

SQL> select * from user_constraints where table_name = 'STUDENT';

OWNER                                                                           
--------------------------------------------------------------------------------
CONSTRAINT_NAME                C TABLE_NAME                                     
------------------------------ - ------------------------------                 
SEARCH_CONDITION                                                                
--------------------------------------------------------------------------------
R_OWNER                                                                         
--------------------------------------------------------------------------------
R_CONSTRAINT_NAME              DELETE_RU STATUS   DEFERRABLE     DEFERRED       
------------------------------ --------- -------- -------------- ---------      
VALIDATED     GENERATED      BAD RELY LAST_CHAN INDEX_OWNER                     
------------- -------------- --- ---- --------- ------------------------------  
INDEX_NAME                     INVALID VIEW_RELATED                             
------------------------------ ------- --------------                           
KICKY                                                                           

OWNER                                                                           
--------------------------------------------------------------------------------
CONSTRAINT_NAME                C TABLE_NAME                                     
------------------------------ - ------------------------------                 
SEARCH_CONDITION                                                                
--------------------------------------------------------------------------------
R_OWNER                                                                         
--------------------------------------------------------------------------------
R_CONSTRAINT_NAME              DELETE_RU STATUS   DEFERRABLE     DEFERRED       
------------------------------ --------- -------- -------------- ---------      
VALIDATED     GENERATED      BAD RELY LAST_CHAN INDEX_OWNER                     
------------- -------------- --- ---- --------- ------------------------------  
INDEX_NAME                     INVALID VIEW_RELATED                             
------------------------------ ------- --------------                           
TERM_FK                        R STUDENT                                        

OWNER                                                                           
--------------------------------------------------------------------------------
CONSTRAINT_NAME                C TABLE_NAME                                     
------------------------------ - ------------------------------                 
SEARCH_CONDITION                                                                
--------------------------------------------------------------------------------
R_OWNER                                                                         
--------------------------------------------------------------------------------
R_CONSTRAINT_NAME              DELETE_RU STATUS   DEFERRABLE     DEFERRED       
------------------------------ --------- -------- -------------- ---------      
VALIDATED     GENERATED      BAD RELY LAST_CHAN INDEX_OWNER                     
------------- -------------- --- ---- --------- ------------------------------  
INDEX_NAME                     INVALID VIEW_RELATED                             
------------------------------ ------- --------------                           
                                                                                

OWNER                                                                           
--------------------------------------------------------------------------------
CONSTRAINT_NAME                C TABLE_NAME                                     
------------------------------ - ------------------------------                 
SEARCH_CONDITION                                                                
--------------------------------------------------------------------------------
R_OWNER                                                                         
--------------------------------------------------------------------------------
R_CONSTRAINT_NAME              DELETE_RU STATUS   DEFERRABLE     DEFERRED       
------------------------------ --------- -------- -------------- ---------      
VALIDATED     GENERATED      BAD RELY LAST_CHAN INDEX_OWNER                     
------------- -------------- --- ---- --------- ------------------------------  
INDEX_NAME                     INVALID VIEW_RELATED                             
------------------------------ ------- --------------                           
KICKY                                                                           

OWNER                                                                           
--------------------------------------------------------------------------------
CONSTRAINT_NAME                C TABLE_NAME                                     
------------------------------ - ------------------------------                 
SEARCH_CONDITION                                                                
--------------------------------------------------------------------------------
R_OWNER                                                                         
--------------------------------------------------------------------------------
R_CONSTRAINT_NAME              DELETE_RU STATUS   DEFERRABLE     DEFERRED       
------------------------------ --------- -------- -------------- ---------      
VALIDATED     GENERATED      BAD RELY LAST_CHAN INDEX_OWNER                     
------------- -------------- --- ---- --------- ------------------------------  
INDEX_NAME                     INVALID VIEW_RELATED                             
------------------------------ ------- --------------                           
SYS_C007066                    NO ACTION ENABLED  NOT DEFERRABLE IMMEDIATE      

OWNER                                                                           
--------------------------------------------------------------------------------
CONSTRAINT_NAME                C TABLE_NAME                                     
------------------------------ - ------------------------------                 
SEARCH_CONDITION                                                                
--------------------------------------------------------------------------------
R_OWNER                                                                         
--------------------------------------------------------------------------------
R_CONSTRAINT_NAME              DELETE_RU STATUS   DEFERRABLE     DEFERRED       
------------------------------ --------- -------- -------------- ---------      
VALIDATED     GENERATED      BAD RELY LAST_CHAN INDEX_OWNER                     
------------- -------------- --- ---- --------- ------------------------------  
INDEX_NAME                     INVALID VIEW_RELATED                             
------------------------------ ------- --------------                           
VALIDATED     USER NAME               10-FEB-22                                 

OWNER                                                                           
--------------------------------------------------------------------------------
CONSTRAINT_NAME                C TABLE_NAME                                     
------------------------------ - ------------------------------                 
SEARCH_CONDITION                                                                
--------------------------------------------------------------------------------
R_OWNER                                                                         
--------------------------------------------------------------------------------
R_CONSTRAINT_NAME              DELETE_RU STATUS   DEFERRABLE     DEFERRED       
------------------------------ --------- -------- -------------- ---------      
VALIDATED     GENERATED      BAD RELY LAST_CHAN INDEX_OWNER                     
------------- -------------- --- ---- --------- ------------------------------  
INDEX_NAME                     INVALID VIEW_RELATED                             
------------------------------ ------- --------------                           
                                                                                

OWNER                                                                           
--------------------------------------------------------------------------------
CONSTRAINT_NAME                C TABLE_NAME                                     
------------------------------ - ------------------------------                 
SEARCH_CONDITION                                                                
--------------------------------------------------------------------------------
R_OWNER                                                                         
--------------------------------------------------------------------------------
R_CONSTRAINT_NAME              DELETE_RU STATUS   DEFERRABLE     DEFERRED       
------------------------------ --------- -------- -------------- ---------      
VALIDATED     GENERATED      BAD RELY LAST_CHAN INDEX_OWNER                     
------------- -------------- --- ---- --------- ------------------------------  
INDEX_NAME                     INVALID VIEW_RELATED                             
------------------------------ ------- --------------                           
                                                                                

OWNER                                                                           
--------------------------------------------------------------------------------
CONSTRAINT_NAME                C TABLE_NAME                                     
------------------------------ - ------------------------------                 
SEARCH_CONDITION                                                                
--------------------------------------------------------------------------------
R_OWNER                                                                         
--------------------------------------------------------------------------------
R_CONSTRAINT_NAME              DELETE_RU STATUS   DEFERRABLE     DEFERRED       
------------------------------ --------- -------- -------------- ---------      
VALIDATED     GENERATED      BAD RELY LAST_CHAN INDEX_OWNER                     
------------- -------------- --- ---- --------- ------------------------------  
INDEX_NAME                     INVALID VIEW_RELATED                             
------------------------------ ------- --------------                           
KICKY                                                                           

OWNER                                                                           
--------------------------------------------------------------------------------
CONSTRAINT_NAME                C TABLE_NAME                                     
------------------------------ - ------------------------------                 
SEARCH_CONDITION                                                                
--------------------------------------------------------------------------------
R_OWNER                                                                         
--------------------------------------------------------------------------------
R_CONSTRAINT_NAME              DELETE_RU STATUS   DEFERRABLE     DEFERRED       
------------------------------ --------- -------- -------------- ---------      
VALIDATED     GENERATED      BAD RELY LAST_CHAN INDEX_OWNER                     
------------- -------------- --- ---- --------- ------------------------------  
INDEX_NAME                     INVALID VIEW_RELATED                             
------------------------------ ------- --------------                           
FACULTY_FK                     R STUDENT                                        

OWNER                                                                           
--------------------------------------------------------------------------------
CONSTRAINT_NAME                C TABLE_NAME                                     
------------------------------ - ------------------------------                 
SEARCH_CONDITION                                                                
--------------------------------------------------------------------------------
R_OWNER                                                                         
--------------------------------------------------------------------------------
R_CONSTRAINT_NAME              DELETE_RU STATUS   DEFERRABLE     DEFERRED       
------------------------------ --------- -------- -------------- ---------      
VALIDATED     GENERATED      BAD RELY LAST_CHAN INDEX_OWNER                     
------------- -------------- --- ---- --------- ------------------------------  
INDEX_NAME                     INVALID VIEW_RELATED                             
------------------------------ ------- --------------                           
                                                                                

OWNER                                                                           
--------------------------------------------------------------------------------
CONSTRAINT_NAME                C TABLE_NAME                                     
------------------------------ - ------------------------------                 
SEARCH_CONDITION                                                                
--------------------------------------------------------------------------------
R_OWNER                                                                         
--------------------------------------------------------------------------------
R_CONSTRAINT_NAME              DELETE_RU STATUS   DEFERRABLE     DEFERRED       
------------------------------ --------- -------- -------------- ---------      
VALIDATED     GENERATED      BAD RELY LAST_CHAN INDEX_OWNER                     
------------- -------------- --- ---- --------- ------------------------------  
INDEX_NAME                     INVALID VIEW_RELATED                             
------------------------------ ------- --------------                           
KICKY                                                                           

OWNER                                                                           
--------------------------------------------------------------------------------
CONSTRAINT_NAME                C TABLE_NAME                                     
------------------------------ - ------------------------------                 
SEARCH_CONDITION                                                                
--------------------------------------------------------------------------------
R_OWNER                                                                         
--------------------------------------------------------------------------------
R_CONSTRAINT_NAME              DELETE_RU STATUS   DEFERRABLE     DEFERRED       
------------------------------ --------- -------- -------------- ---------      
VALIDATED     GENERATED      BAD RELY LAST_CHAN INDEX_OWNER                     
------------- -------------- --- ---- --------- ------------------------------  
INDEX_NAME                     INVALID VIEW_RELATED                             
------------------------------ ------- --------------                           
SYS_C007047                    NO ACTION ENABLED  NOT DEFERRABLE IMMEDIATE      

OWNER                                                                           
--------------------------------------------------------------------------------
CONSTRAINT_NAME                C TABLE_NAME                                     
------------------------------ - ------------------------------                 
SEARCH_CONDITION                                                                
--------------------------------------------------------------------------------
R_OWNER                                                                         
--------------------------------------------------------------------------------
R_CONSTRAINT_NAME              DELETE_RU STATUS   DEFERRABLE     DEFERRED       
------------------------------ --------- -------- -------------- ---------      
VALIDATED     GENERATED      BAD RELY LAST_CHAN INDEX_OWNER                     
------------- -------------- --- ---- --------- ------------------------------  
INDEX_NAME                     INVALID VIEW_RELATED                             
------------------------------ ------- --------------                           
VALIDATED     USER NAME               10-FEB-22                                 

OWNER                                                                           
--------------------------------------------------------------------------------
CONSTRAINT_NAME                C TABLE_NAME                                     
------------------------------ - ------------------------------                 
SEARCH_CONDITION                                                                
--------------------------------------------------------------------------------
R_OWNER                                                                         
--------------------------------------------------------------------------------
R_CONSTRAINT_NAME              DELETE_RU STATUS   DEFERRABLE     DEFERRED       
------------------------------ --------- -------- -------------- ---------      
VALIDATED     GENERATED      BAD RELY LAST_CHAN INDEX_OWNER                     
------------- -------------- --- ---- --------- ------------------------------  
INDEX_NAME                     INVALID VIEW_RELATED                             
------------------------------ ------- --------------                           
                                                                                

OWNER                                                                           
--------------------------------------------------------------------------------
CONSTRAINT_NAME                C TABLE_NAME                                     
------------------------------ - ------------------------------                 
SEARCH_CONDITION                                                                
--------------------------------------------------------------------------------
R_OWNER                                                                         
--------------------------------------------------------------------------------
R_CONSTRAINT_NAME              DELETE_RU STATUS   DEFERRABLE     DEFERRED       
------------------------------ --------- -------- -------------- ---------      
VALIDATED     GENERATED      BAD RELY LAST_CHAN INDEX_OWNER                     
------------- -------------- --- ---- --------- ------------------------------  
INDEX_NAME                     INVALID VIEW_RELATED                             
------------------------------ ------- --------------                           
                                                                                

OWNER                                                                           
--------------------------------------------------------------------------------
CONSTRAINT_NAME                C TABLE_NAME                                     
------------------------------ - ------------------------------                 
SEARCH_CONDITION                                                                
--------------------------------------------------------------------------------
R_OWNER                                                                         
--------------------------------------------------------------------------------
R_CONSTRAINT_NAME              DELETE_RU STATUS   DEFERRABLE     DEFERRED       
------------------------------ --------- -------- -------------- ---------      
VALIDATED     GENERATED      BAD RELY LAST_CHAN INDEX_OWNER                     
------------- -------------- --- ---- --------- ------------------------------  
INDEX_NAME                     INVALID VIEW_RELATED                             
------------------------------ ------- --------------                           
KICKY                                                                           

OWNER                                                                           
--------------------------------------------------------------------------------
CONSTRAINT_NAME                C TABLE_NAME                                     
------------------------------ - ------------------------------                 
SEARCH_CONDITION                                                                
--------------------------------------------------------------------------------
R_OWNER                                                                         
--------------------------------------------------------------------------------
R_CONSTRAINT_NAME              DELETE_RU STATUS   DEFERRABLE     DEFERRED       
------------------------------ --------- -------- -------------- ---------      
VALIDATED     GENERATED      BAD RELY LAST_CHAN INDEX_OWNER                     
------------- -------------- --- ---- --------- ------------------------------  
INDEX_NAME                     INVALID VIEW_RELATED                             
------------------------------ ------- --------------                           
MAJOR_FK                       R STUDENT                                        

OWNER                                                                           
--------------------------------------------------------------------------------
CONSTRAINT_NAME                C TABLE_NAME                                     
------------------------------ - ------------------------------                 
SEARCH_CONDITION                                                                
--------------------------------------------------------------------------------
R_OWNER                                                                         
--------------------------------------------------------------------------------
R_CONSTRAINT_NAME              DELETE_RU STATUS   DEFERRABLE     DEFERRED       
------------------------------ --------- -------- -------------- ---------      
VALIDATED     GENERATED      BAD RELY LAST_CHAN INDEX_OWNER                     
------------- -------------- --- ---- --------- ------------------------------  
INDEX_NAME                     INVALID VIEW_RELATED                             
------------------------------ ------- --------------                           
                                                                                

OWNER                                                                           
--------------------------------------------------------------------------------
CONSTRAINT_NAME                C TABLE_NAME                                     
------------------------------ - ------------------------------                 
SEARCH_CONDITION                                                                
--------------------------------------------------------------------------------
R_OWNER                                                                         
--------------------------------------------------------------------------------
R_CONSTRAINT_NAME              DELETE_RU STATUS   DEFERRABLE     DEFERRED       
------------------------------ --------- -------- -------------- ---------      
VALIDATED     GENERATED      BAD RELY LAST_CHAN INDEX_OWNER                     
------------- -------------- --- ---- --------- ------------------------------  
INDEX_NAME                     INVALID VIEW_RELATED                             
------------------------------ ------- --------------                           
KICKY                                                                           

OWNER                                                                           
--------------------------------------------------------------------------------
CONSTRAINT_NAME                C TABLE_NAME                                     
------------------------------ - ------------------------------                 
SEARCH_CONDITION                                                                
--------------------------------------------------------------------------------
R_OWNER                                                                         
--------------------------------------------------------------------------------
R_CONSTRAINT_NAME              DELETE_RU STATUS   DEFERRABLE     DEFERRED       
------------------------------ --------- -------- -------------- ---------      
VALIDATED     GENERATED      BAD RELY LAST_CHAN INDEX_OWNER                     
------------- -------------- --- ---- --------- ------------------------------  
INDEX_NAME                     INVALID VIEW_RELATED                             
------------------------------ ------- --------------                           
SYS_C007068                    NO ACTION ENABLED  NOT DEFERRABLE IMMEDIATE      

OWNER                                                                           
--------------------------------------------------------------------------------
CONSTRAINT_NAME                C TABLE_NAME                                     
------------------------------ - ------------------------------                 
SEARCH_CONDITION                                                                
--------------------------------------------------------------------------------
R_OWNER                                                                         
--------------------------------------------------------------------------------
R_CONSTRAINT_NAME              DELETE_RU STATUS   DEFERRABLE     DEFERRED       
------------------------------ --------- -------- -------------- ---------      
VALIDATED     GENERATED      BAD RELY LAST_CHAN INDEX_OWNER                     
------------- -------------- --- ---- --------- ------------------------------  
INDEX_NAME                     INVALID VIEW_RELATED                             
------------------------------ ------- --------------                           
VALIDATED     USER NAME               10-FEB-22                                 

OWNER                                                                           
--------------------------------------------------------------------------------
CONSTRAINT_NAME                C TABLE_NAME                                     
------------------------------ - ------------------------------                 
SEARCH_CONDITION                                                                
--------------------------------------------------------------------------------
R_OWNER                                                                         
--------------------------------------------------------------------------------
R_CONSTRAINT_NAME              DELETE_RU STATUS   DEFERRABLE     DEFERRED       
------------------------------ --------- -------- -------------- ---------      
VALIDATED     GENERATED      BAD RELY LAST_CHAN INDEX_OWNER                     
------------- -------------- --- ---- --------- ------------------------------  
INDEX_NAME                     INVALID VIEW_RELATED                             
------------------------------ ------- --------------                           
                                                                                

OWNER                                                                           
--------------------------------------------------------------------------------
CONSTRAINT_NAME                C TABLE_NAME                                     
------------------------------ - ------------------------------                 
SEARCH_CONDITION                                                                
--------------------------------------------------------------------------------
R_OWNER                                                                         
--------------------------------------------------------------------------------
R_CONSTRAINT_NAME              DELETE_RU STATUS   DEFERRABLE     DEFERRED       
------------------------------ --------- -------- -------------- ---------      
VALIDATED     GENERATED      BAD RELY LAST_CHAN INDEX_OWNER                     
------------- -------------- --- ---- --------- ------------------------------  
INDEX_NAME                     INVALID VIEW_RELATED                             
------------------------------ ------- --------------                           
                                                                                

OWNER                                                                           
--------------------------------------------------------------------------------
CONSTRAINT_NAME                C TABLE_NAME                                     
------------------------------ - ------------------------------                 
SEARCH_CONDITION                                                                
--------------------------------------------------------------------------------
R_OWNER                                                                         
--------------------------------------------------------------------------------
R_CONSTRAINT_NAME              DELETE_RU STATUS   DEFERRABLE     DEFERRED       
------------------------------ --------- -------- -------------- ---------      
VALIDATED     GENERATED      BAD RELY LAST_CHAN INDEX_OWNER                     
------------- -------------- --- ---- --------- ------------------------------  
INDEX_NAME                     INVALID VIEW_RELATED                             
------------------------------ ------- --------------                           
KICKY                                                                           

OWNER                                                                           
--------------------------------------------------------------------------------
CONSTRAINT_NAME                C TABLE_NAME                                     
------------------------------ - ------------------------------                 
SEARCH_CONDITION                                                                
--------------------------------------------------------------------------------
R_OWNER                                                                         
--------------------------------------------------------------------------------
R_CONSTRAINT_NAME              DELETE_RU STATUS   DEFERRABLE     DEFERRED       
------------------------------ --------- -------- -------------- ---------      
VALIDATED     GENERATED      BAD RELY LAST_CHAN INDEX_OWNER                     
------------- -------------- --- ---- --------- ------------------------------  
INDEX_NAME                     INVALID VIEW_RELATED                             
------------------------------ ------- --------------                           
SYS_C007043                    C STUDENT                                        

OWNER                                                                           
--------------------------------------------------------------------------------
CONSTRAINT_NAME                C TABLE_NAME                                     
------------------------------ - ------------------------------                 
SEARCH_CONDITION                                                                
--------------------------------------------------------------------------------
R_OWNER                                                                         
--------------------------------------------------------------------------------
R_CONSTRAINT_NAME              DELETE_RU STATUS   DEFERRABLE     DEFERRED       
------------------------------ --------- -------- -------------- ---------      
VALIDATED     GENERATED      BAD RELY LAST_CHAN INDEX_OWNER                     
------------- -------------- --- ---- --------- ------------------------------  
INDEX_NAME                     INVALID VIEW_RELATED                             
------------------------------ ------- --------------                           
"LAST" IS NOT NULL                                                              

OWNER                                                                           
--------------------------------------------------------------------------------
CONSTRAINT_NAME                C TABLE_NAME                                     
------------------------------ - ------------------------------                 
SEARCH_CONDITION                                                                
--------------------------------------------------------------------------------
R_OWNER                                                                         
--------------------------------------------------------------------------------
R_CONSTRAINT_NAME              DELETE_RU STATUS   DEFERRABLE     DEFERRED       
------------------------------ --------- -------- -------------- ---------      
VALIDATED     GENERATED      BAD RELY LAST_CHAN INDEX_OWNER                     
------------- -------------- --- ---- --------- ------------------------------  
INDEX_NAME                     INVALID VIEW_RELATED                             
------------------------------ ------- --------------                           
                                                                                

OWNER                                                                           
--------------------------------------------------------------------------------
CONSTRAINT_NAME                C TABLE_NAME                                     
------------------------------ - ------------------------------                 
SEARCH_CONDITION                                                                
--------------------------------------------------------------------------------
R_OWNER                                                                         
--------------------------------------------------------------------------------
R_CONSTRAINT_NAME              DELETE_RU STATUS   DEFERRABLE     DEFERRED       
------------------------------ --------- -------- -------------- ---------      
VALIDATED     GENERATED      BAD RELY LAST_CHAN INDEX_OWNER                     
------------- -------------- --- ---- --------- ------------------------------  
INDEX_NAME                     INVALID VIEW_RELATED                             
------------------------------ ------- --------------                           
                                         ENABLED  NOT DEFERRABLE IMMEDIATE      

OWNER                                                                           
--------------------------------------------------------------------------------
CONSTRAINT_NAME                C TABLE_NAME                                     
------------------------------ - ------------------------------                 
SEARCH_CONDITION                                                                
--------------------------------------------------------------------------------
R_OWNER                                                                         
--------------------------------------------------------------------------------
R_CONSTRAINT_NAME              DELETE_RU STATUS   DEFERRABLE     DEFERRED       
------------------------------ --------- -------- -------------- ---------      
VALIDATED     GENERATED      BAD RELY LAST_CHAN INDEX_OWNER                     
------------- -------------- --- ---- --------- ------------------------------  
INDEX_NAME                     INVALID VIEW_RELATED                             
------------------------------ ------- --------------                           
VALIDATED     GENERATED NAME          10-FEB-22                                 

OWNER                                                                           
--------------------------------------------------------------------------------
CONSTRAINT_NAME                C TABLE_NAME                                     
------------------------------ - ------------------------------                 
SEARCH_CONDITION                                                                
--------------------------------------------------------------------------------
R_OWNER                                                                         
--------------------------------------------------------------------------------
R_CONSTRAINT_NAME              DELETE_RU STATUS   DEFERRABLE     DEFERRED       
------------------------------ --------- -------- -------------- ---------      
VALIDATED     GENERATED      BAD RELY LAST_CHAN INDEX_OWNER                     
------------- -------------- --- ---- --------- ------------------------------  
INDEX_NAME                     INVALID VIEW_RELATED                             
------------------------------ ------- --------------                           
                                                                                

OWNER                                                                           
--------------------------------------------------------------------------------
CONSTRAINT_NAME                C TABLE_NAME                                     
------------------------------ - ------------------------------                 
SEARCH_CONDITION                                                                
--------------------------------------------------------------------------------
R_OWNER                                                                         
--------------------------------------------------------------------------------
R_CONSTRAINT_NAME              DELETE_RU STATUS   DEFERRABLE     DEFERRED       
------------------------------ --------- -------- -------------- ---------      
VALIDATED     GENERATED      BAD RELY LAST_CHAN INDEX_OWNER                     
------------- -------------- --- ---- --------- ------------------------------  
INDEX_NAME                     INVALID VIEW_RELATED                             
------------------------------ ------- --------------                           
                                                                                

OWNER                                                                           
--------------------------------------------------------------------------------
CONSTRAINT_NAME                C TABLE_NAME                                     
------------------------------ - ------------------------------                 
SEARCH_CONDITION                                                                
--------------------------------------------------------------------------------
R_OWNER                                                                         
--------------------------------------------------------------------------------
R_CONSTRAINT_NAME              DELETE_RU STATUS   DEFERRABLE     DEFERRED       
------------------------------ --------- -------- -------------- ---------      
VALIDATED     GENERATED      BAD RELY LAST_CHAN INDEX_OWNER                     
------------- -------------- --- ---- --------- ------------------------------  
INDEX_NAME                     INVALID VIEW_RELATED                             
------------------------------ ------- --------------                           
KICKY                                                                           

OWNER                                                                           
--------------------------------------------------------------------------------
CONSTRAINT_NAME                C TABLE_NAME                                     
------------------------------ - ------------------------------                 
SEARCH_CONDITION                                                                
--------------------------------------------------------------------------------
R_OWNER                                                                         
--------------------------------------------------------------------------------
R_CONSTRAINT_NAME              DELETE_RU STATUS   DEFERRABLE     DEFERRED       
------------------------------ --------- -------- -------------- ---------      
VALIDATED     GENERATED      BAD RELY LAST_CHAN INDEX_OWNER                     
------------- -------------- --- ---- --------- ------------------------------  
INDEX_NAME                     INVALID VIEW_RELATED                             
------------------------------ ------- --------------                           
SYS_C007044                    C STUDENT                                        

OWNER                                                                           
--------------------------------------------------------------------------------
CONSTRAINT_NAME                C TABLE_NAME                                     
------------------------------ - ------------------------------                 
SEARCH_CONDITION                                                                
--------------------------------------------------------------------------------
R_OWNER                                                                         
--------------------------------------------------------------------------------
R_CONSTRAINT_NAME              DELETE_RU STATUS   DEFERRABLE     DEFERRED       
------------------------------ --------- -------- -------------- ---------      
VALIDATED     GENERATED      BAD RELY LAST_CHAN INDEX_OWNER                     
------------- -------------- --- ---- --------- ------------------------------  
INDEX_NAME                     INVALID VIEW_RELATED                             
------------------------------ ------- --------------                           
"FIRST" IS NOT NULL                                                             

OWNER                                                                           
--------------------------------------------------------------------------------
CONSTRAINT_NAME                C TABLE_NAME                                     
------------------------------ - ------------------------------                 
SEARCH_CONDITION                                                                
--------------------------------------------------------------------------------
R_OWNER                                                                         
--------------------------------------------------------------------------------
R_CONSTRAINT_NAME              DELETE_RU STATUS   DEFERRABLE     DEFERRED       
------------------------------ --------- -------- -------------- ---------      
VALIDATED     GENERATED      BAD RELY LAST_CHAN INDEX_OWNER                     
------------- -------------- --- ---- --------- ------------------------------  
INDEX_NAME                     INVALID VIEW_RELATED                             
------------------------------ ------- --------------                           
                                                                                

OWNER                                                                           
--------------------------------------------------------------------------------
CONSTRAINT_NAME                C TABLE_NAME                                     
------------------------------ - ------------------------------                 
SEARCH_CONDITION                                                                
--------------------------------------------------------------------------------
R_OWNER                                                                         
--------------------------------------------------------------------------------
R_CONSTRAINT_NAME              DELETE_RU STATUS   DEFERRABLE     DEFERRED       
------------------------------ --------- -------- -------------- ---------      
VALIDATED     GENERATED      BAD RELY LAST_CHAN INDEX_OWNER                     
------------- -------------- --- ---- --------- ------------------------------  
INDEX_NAME                     INVALID VIEW_RELATED                             
------------------------------ ------- --------------                           
                                         ENABLED  NOT DEFERRABLE IMMEDIATE      

OWNER                                                                           
--------------------------------------------------------------------------------
CONSTRAINT_NAME                C TABLE_NAME                                     
------------------------------ - ------------------------------                 
SEARCH_CONDITION                                                                
--------------------------------------------------------------------------------
R_OWNER                                                                         
--------------------------------------------------------------------------------
R_CONSTRAINT_NAME              DELETE_RU STATUS   DEFERRABLE     DEFERRED       
------------------------------ --------- -------- -------------- ---------      
VALIDATED     GENERATED      BAD RELY LAST_CHAN INDEX_OWNER                     
------------- -------------- --- ---- --------- ------------------------------  
INDEX_NAME                     INVALID VIEW_RELATED                             
------------------------------ ------- --------------                           
VALIDATED     GENERATED NAME          10-FEB-22                                 

OWNER                                                                           
--------------------------------------------------------------------------------
CONSTRAINT_NAME                C TABLE_NAME                                     
------------------------------ - ------------------------------                 
SEARCH_CONDITION                                                                
--------------------------------------------------------------------------------
R_OWNER                                                                         
--------------------------------------------------------------------------------
R_CONSTRAINT_NAME              DELETE_RU STATUS   DEFERRABLE     DEFERRED       
------------------------------ --------- -------- -------------- ---------      
VALIDATED     GENERATED      BAD RELY LAST_CHAN INDEX_OWNER                     
------------- -------------- --- ---- --------- ------------------------------  
INDEX_NAME                     INVALID VIEW_RELATED                             
------------------------------ ------- --------------                           
                                                                                

OWNER                                                                           
--------------------------------------------------------------------------------
CONSTRAINT_NAME                C TABLE_NAME                                     
------------------------------ - ------------------------------                 
SEARCH_CONDITION                                                                
--------------------------------------------------------------------------------
R_OWNER                                                                         
--------------------------------------------------------------------------------
R_CONSTRAINT_NAME              DELETE_RU STATUS   DEFERRABLE     DEFERRED       
------------------------------ --------- -------- -------------- ---------      
VALIDATED     GENERATED      BAD RELY LAST_CHAN INDEX_OWNER                     
------------- -------------- --- ---- --------- ------------------------------  
INDEX_NAME                     INVALID VIEW_RELATED                             
------------------------------ ------- --------------                           
                                                                                

OWNER                                                                           
--------------------------------------------------------------------------------
CONSTRAINT_NAME                C TABLE_NAME                                     
------------------------------ - ------------------------------                 
SEARCH_CONDITION                                                                
--------------------------------------------------------------------------------
R_OWNER                                                                         
--------------------------------------------------------------------------------
R_CONSTRAINT_NAME              DELETE_RU STATUS   DEFERRABLE     DEFERRED       
------------------------------ --------- -------- -------------- ---------      
VALIDATED     GENERATED      BAD RELY LAST_CHAN INDEX_OWNER                     
------------- -------------- --- ---- --------- ------------------------------  
INDEX_NAME                     INVALID VIEW_RELATED                             
------------------------------ ------- --------------                           
KICKY                                                                           

OWNER                                                                           
--------------------------------------------------------------------------------
CONSTRAINT_NAME                C TABLE_NAME                                     
------------------------------ - ------------------------------                 
SEARCH_CONDITION                                                                
--------------------------------------------------------------------------------
R_OWNER                                                                         
--------------------------------------------------------------------------------
R_CONSTRAINT_NAME              DELETE_RU STATUS   DEFERRABLE     DEFERRED       
------------------------------ --------- -------- -------------- ---------      
VALIDATED     GENERATED      BAD RELY LAST_CHAN INDEX_OWNER                     
------------- -------------- --- ---- --------- ------------------------------  
INDEX_NAME                     INVALID VIEW_RELATED                             
------------------------------ ------- --------------                           
SYS_C007045                    P STUDENT                                        

OWNER                                                                           
--------------------------------------------------------------------------------
CONSTRAINT_NAME                C TABLE_NAME                                     
------------------------------ - ------------------------------                 
SEARCH_CONDITION                                                                
--------------------------------------------------------------------------------
R_OWNER                                                                         
--------------------------------------------------------------------------------
R_CONSTRAINT_NAME              DELETE_RU STATUS   DEFERRABLE     DEFERRED       
------------------------------ --------- -------- -------------- ---------      
VALIDATED     GENERATED      BAD RELY LAST_CHAN INDEX_OWNER                     
------------- -------------- --- ---- --------- ------------------------------  
INDEX_NAME                     INVALID VIEW_RELATED                             
------------------------------ ------- --------------                           
                                                                                

OWNER                                                                           
--------------------------------------------------------------------------------
CONSTRAINT_NAME                C TABLE_NAME                                     
------------------------------ - ------------------------------                 
SEARCH_CONDITION                                                                
--------------------------------------------------------------------------------
R_OWNER                                                                         
--------------------------------------------------------------------------------
R_CONSTRAINT_NAME              DELETE_RU STATUS   DEFERRABLE     DEFERRED       
------------------------------ --------- -------- -------------- ---------      
VALIDATED     GENERATED      BAD RELY LAST_CHAN INDEX_OWNER                     
------------- -------------- --- ---- --------- ------------------------------  
INDEX_NAME                     INVALID VIEW_RELATED                             
------------------------------ ------- --------------                           
                                                                                

OWNER                                                                           
--------------------------------------------------------------------------------
CONSTRAINT_NAME                C TABLE_NAME                                     
------------------------------ - ------------------------------                 
SEARCH_CONDITION                                                                
--------------------------------------------------------------------------------
R_OWNER                                                                         
--------------------------------------------------------------------------------
R_CONSTRAINT_NAME              DELETE_RU STATUS   DEFERRABLE     DEFERRED       
------------------------------ --------- -------- -------------- ---------      
VALIDATED     GENERATED      BAD RELY LAST_CHAN INDEX_OWNER                     
------------- -------------- --- ---- --------- ------------------------------  
INDEX_NAME                     INVALID VIEW_RELATED                             
------------------------------ ------- --------------                           
                                         ENABLED  NOT DEFERRABLE IMMEDIATE      

OWNER                                                                           
--------------------------------------------------------------------------------
CONSTRAINT_NAME                C TABLE_NAME                                     
------------------------------ - ------------------------------                 
SEARCH_CONDITION                                                                
--------------------------------------------------------------------------------
R_OWNER                                                                         
--------------------------------------------------------------------------------
R_CONSTRAINT_NAME              DELETE_RU STATUS   DEFERRABLE     DEFERRED       
------------------------------ --------- -------- -------------- ---------      
VALIDATED     GENERATED      BAD RELY LAST_CHAN INDEX_OWNER                     
------------- -------------- --- ---- --------- ------------------------------  
INDEX_NAME                     INVALID VIEW_RELATED                             
------------------------------ ------- --------------                           
VALIDATED     GENERATED NAME          10-FEB-22 KICKY                           

OWNER                                                                           
--------------------------------------------------------------------------------
CONSTRAINT_NAME                C TABLE_NAME                                     
------------------------------ - ------------------------------                 
SEARCH_CONDITION                                                                
--------------------------------------------------------------------------------
R_OWNER                                                                         
--------------------------------------------------------------------------------
R_CONSTRAINT_NAME              DELETE_RU STATUS   DEFERRABLE     DEFERRED       
------------------------------ --------- -------- -------------- ---------      
VALIDATED     GENERATED      BAD RELY LAST_CHAN INDEX_OWNER                     
------------- -------------- --- ---- --------- ------------------------------  
INDEX_NAME                     INVALID VIEW_RELATED                             
------------------------------ ------- --------------                           
SYS_C007045                                                                     

OWNER                                                                           
--------------------------------------------------------------------------------
CONSTRAINT_NAME                C TABLE_NAME                                     
------------------------------ - ------------------------------                 
SEARCH_CONDITION                                                                
--------------------------------------------------------------------------------
R_OWNER                                                                         
--------------------------------------------------------------------------------
R_CONSTRAINT_NAME              DELETE_RU STATUS   DEFERRABLE     DEFERRED       
------------------------------ --------- -------- -------------- ---------      
VALIDATED     GENERATED      BAD RELY LAST_CHAN INDEX_OWNER                     
------------- -------------- --- ---- --------- ------------------------------  
INDEX_NAME                     INVALID VIEW_RELATED                             
------------------------------ ------- --------------                           
                                                                                

6 rows selected.

SQL> set line 200;
SQL> set lin 200;
SQL> select * from user_constraints where table_name = 'STUDENT';

OWNER                                                                                                                    CONSTRAINT_NAME                C TABLE_NAME                                    
------------------------------------------------------------------------------------------------------------------------ ------------------------------ - ------------------------------                
SEARCH_CONDITION                                                                                                                                                                                        
--------------------------------------------------------------------------------                                                                                                                        
R_OWNER                                                                                                                  R_CONSTRAINT_NAME              DELETE_RU STATUS   DEFERRABLE     DEFERRED      
------------------------------------------------------------------------------------------------------------------------ ------------------------------ --------- -------- -------------- ---------     
VALIDATED     GENERATED      BAD RELY LAST_CHAN INDEX_OWNER                    INDEX_NAME                     INVALID VIEW_RELATED                                                                      
------------- -------------- --- ---- --------- ------------------------------ ------------------------------ ------- --------------                                                                    
KICKY                                                                                                                    TERM_FK                        R STUDENT                                       
                                                                                                                                                                                                        
KICKY                                                                                                                    SYS_C007066                    NO ACTION ENABLED  NOT DEFERRABLE IMMEDIATE     
VALIDATED     USER NAME               10-FEB-22                                                                                                                                                         
                                                                                                                                                                                                        

OWNER                                                                                                                    CONSTRAINT_NAME                C TABLE_NAME                                    
------------------------------------------------------------------------------------------------------------------------ ------------------------------ - ------------------------------                
SEARCH_CONDITION                                                                                                                                                                                        
--------------------------------------------------------------------------------                                                                                                                        
R_OWNER                                                                                                                  R_CONSTRAINT_NAME              DELETE_RU STATUS   DEFERRABLE     DEFERRED      
------------------------------------------------------------------------------------------------------------------------ ------------------------------ --------- -------- -------------- ---------     
VALIDATED     GENERATED      BAD RELY LAST_CHAN INDEX_OWNER                    INDEX_NAME                     INVALID VIEW_RELATED                                                                      
------------- -------------- --- ---- --------- ------------------------------ ------------------------------ ------- --------------                                                                    
KICKY                                                                                                                    FACULTY_FK                     R STUDENT                                       
                                                                                                                                                                                                        
KICKY                                                                                                                    SYS_C007047                    NO ACTION ENABLED  NOT DEFERRABLE IMMEDIATE     
VALIDATED     USER NAME               10-FEB-22                                                                                                                                                         
                                                                                                                                                                                                        

OWNER                                                                                                                    CONSTRAINT_NAME                C TABLE_NAME                                    
------------------------------------------------------------------------------------------------------------------------ ------------------------------ - ------------------------------                
SEARCH_CONDITION                                                                                                                                                                                        
--------------------------------------------------------------------------------                                                                                                                        
R_OWNER                                                                                                                  R_CONSTRAINT_NAME              DELETE_RU STATUS   DEFERRABLE     DEFERRED      
------------------------------------------------------------------------------------------------------------------------ ------------------------------ --------- -------- -------------- ---------     
VALIDATED     GENERATED      BAD RELY LAST_CHAN INDEX_OWNER                    INDEX_NAME                     INVALID VIEW_RELATED                                                                      
------------- -------------- --- ---- --------- ------------------------------ ------------------------------ ------- --------------                                                                    
KICKY                                                                                                                    MAJOR_FK                       R STUDENT                                       
                                                                                                                                                                                                        
KICKY                                                                                                                    SYS_C007068                    NO ACTION ENABLED  NOT DEFERRABLE IMMEDIATE     
VALIDATED     USER NAME               10-FEB-22                                                                                                                                                         
                                                                                                                                                                                                        

OWNER                                                                                                                    CONSTRAINT_NAME                C TABLE_NAME                                    
------------------------------------------------------------------------------------------------------------------------ ------------------------------ - ------------------------------                
SEARCH_CONDITION                                                                                                                                                                                        
--------------------------------------------------------------------------------                                                                                                                        
R_OWNER                                                                                                                  R_CONSTRAINT_NAME              DELETE_RU STATUS   DEFERRABLE     DEFERRED      
------------------------------------------------------------------------------------------------------------------------ ------------------------------ --------- -------- -------------- ---------     
VALIDATED     GENERATED      BAD RELY LAST_CHAN INDEX_OWNER                    INDEX_NAME                     INVALID VIEW_RELATED                                                                      
------------- -------------- --- ---- --------- ------------------------------ ------------------------------ ------- --------------                                                                    
KICKY                                                                                                                    SYS_C007043                    C STUDENT                                       
"LAST" IS NOT NULL                                                                                                                                                                                      
                                                                                                                                                                  ENABLED  NOT DEFERRABLE IMMEDIATE     
VALIDATED     GENERATED NAME          10-FEB-22                                                                                                                                                         
                                                                                                                                                                                                        

OWNER                                                                                                                    CONSTRAINT_NAME                C TABLE_NAME                                    
------------------------------------------------------------------------------------------------------------------------ ------------------------------ - ------------------------------                
SEARCH_CONDITION                                                                                                                                                                                        
--------------------------------------------------------------------------------                                                                                                                        
R_OWNER                                                                                                                  R_CONSTRAINT_NAME              DELETE_RU STATUS   DEFERRABLE     DEFERRED      
------------------------------------------------------------------------------------------------------------------------ ------------------------------ --------- -------- -------------- ---------     
VALIDATED     GENERATED      BAD RELY LAST_CHAN INDEX_OWNER                    INDEX_NAME                     INVALID VIEW_RELATED                                                                      
------------- -------------- --- ---- --------- ------------------------------ ------------------------------ ------- --------------                                                                    
KICKY                                                                                                                    SYS_C007044                    C STUDENT                                       
"FIRST" IS NOT NULL                                                                                                                                                                                     
                                                                                                                                                                  ENABLED  NOT DEFERRABLE IMMEDIATE     
VALIDATED     GENERATED NAME          10-FEB-22                                                                                                                                                         
                                                                                                                                                                                                        

OWNER                                                                                                                    CONSTRAINT_NAME                C TABLE_NAME                                    
------------------------------------------------------------------------------------------------------------------------ ------------------------------ - ------------------------------                
SEARCH_CONDITION                                                                                                                                                                                        
--------------------------------------------------------------------------------                                                                                                                        
R_OWNER                                                                                                                  R_CONSTRAINT_NAME              DELETE_RU STATUS   DEFERRABLE     DEFERRED      
------------------------------------------------------------------------------------------------------------------------ ------------------------------ --------- -------- -------------- ---------     
VALIDATED     GENERATED      BAD RELY LAST_CHAN INDEX_OWNER                    INDEX_NAME                     INVALID VIEW_RELATED                                                                      
------------- -------------- --- ---- --------- ------------------------------ ------------------------------ ------- --------------                                                                    
KICKY                                                                                                                    SYS_C007045                    P STUDENT                                       
                                                                                                                                                                                                        
                                                                                                                                                                  ENABLED  NOT DEFERRABLE IMMEDIATE     
VALIDATED     GENERATED NAME          10-FEB-22 KICKY                          SYS_C007045                                                                                                              
                                                                                                                                                                                                        

6 rows selected.

SQL> select constraint_name, constraint_type from user_constraints where table_name = 'STUDENT';

CONSTRAINT_NAME                C                                                                                                                                                                        
------------------------------ -                                                                                                                                                                        
TERM_FK                        R                                                                                                                                                                        
FACULTY_FK                     R                                                                                                                                                                        
MAJOR_FK                       R                                                                                                                                                                        
SYS_C007043                    C                                                                                                                                                                        
SYS_C007044                    C                                                                                                                                                                        
SYS_C007045                    P                                                                                                                                                                        

6 rows selected.

SQL> set lin 175;
SQL> select constraint_name, constraint_type from user_constraints where table_name = 'STUDENT';

CONSTRAINT_NAME                C                                                                                                                                               
------------------------------ -                                                                                                                                               
TERM_FK                        R                                                                                                                                               
FACULTY_FK                     R                                                                                                                                               
MAJOR_FK                       R                                                                                                                                               
SYS_C007043                    C                                                                                                                                               
SYS_C007044                    C                                                                                                                                               
SYS_C007045                    P                                                                                                                                               

6 rows selected.

SQL> select * from user_constraints where table_name = 'STUDENT';

OWNER                                                                                                                    CONSTRAINT_NAME                C                      
------------------------------------------------------------------------------------------------------------------------ ------------------------------ -                      
TABLE_NAME                     SEARCH_CONDITION                                                                                                                                
------------------------------ --------------------------------------------------------------------------------                                                                
R_OWNER                                                                                                                  R_CONSTRAINT_NAME              DELETE_RU STATUS       
------------------------------------------------------------------------------------------------------------------------ ------------------------------ --------- --------     
DEFERRABLE     DEFERRED  VALIDATED     GENERATED      BAD RELY LAST_CHAN INDEX_OWNER                    INDEX_NAME                     INVALID VIEW_RELATED                    
-------------- --------- ------------- -------------- --- ---- --------- ------------------------------ ------------------------------ ------- --------------                  
KICKY                                                                                                                    TERM_FK                        R                      
STUDENT                                                                                                                                                                        
KICKY                                                                                                                    SYS_C007066                    NO ACTION ENABLED      
NOT DEFERRABLE IMMEDIATE VALIDATED     USER NAME               10-FEB-22                                                                                                       
                                                                                                                                                                               

OWNER                                                                                                                    CONSTRAINT_NAME                C                      
------------------------------------------------------------------------------------------------------------------------ ------------------------------ -                      
TABLE_NAME                     SEARCH_CONDITION                                                                                                                                
------------------------------ --------------------------------------------------------------------------------                                                                
R_OWNER                                                                                                                  R_CONSTRAINT_NAME              DELETE_RU STATUS       
------------------------------------------------------------------------------------------------------------------------ ------------------------------ --------- --------     
DEFERRABLE     DEFERRED  VALIDATED     GENERATED      BAD RELY LAST_CHAN INDEX_OWNER                    INDEX_NAME                     INVALID VIEW_RELATED                    
-------------- --------- ------------- -------------- --- ---- --------- ------------------------------ ------------------------------ ------- --------------                  
KICKY                                                                                                                    FACULTY_FK                     R                      
STUDENT                                                                                                                                                                        
KICKY                                                                                                                    SYS_C007047                    NO ACTION ENABLED      
NOT DEFERRABLE IMMEDIATE VALIDATED     USER NAME               10-FEB-22                                                                                                       
                                                                                                                                                                               

OWNER                                                                                                                    CONSTRAINT_NAME                C                      
------------------------------------------------------------------------------------------------------------------------ ------------------------------ -                      
TABLE_NAME                     SEARCH_CONDITION                                                                                                                                
------------------------------ --------------------------------------------------------------------------------                                                                
R_OWNER                                                                                                                  R_CONSTRAINT_NAME              DELETE_RU STATUS       
------------------------------------------------------------------------------------------------------------------------ ------------------------------ --------- --------     
DEFERRABLE     DEFERRED  VALIDATED     GENERATED      BAD RELY LAST_CHAN INDEX_OWNER                    INDEX_NAME                     INVALID VIEW_RELATED                    
-------------- --------- ------------- -------------- --- ---- --------- ------------------------------ ------------------------------ ------- --------------                  
KICKY                                                                                                                    MAJOR_FK                       R                      
STUDENT                                                                                                                                                                        
KICKY                                                                                                                    SYS_C007068                    NO ACTION ENABLED      
NOT DEFERRABLE IMMEDIATE VALIDATED     USER NAME               10-FEB-22                                                                                                       
                                                                                                                                                                               

OWNER                                                                                                                    CONSTRAINT_NAME                C                      
------------------------------------------------------------------------------------------------------------------------ ------------------------------ -                      
TABLE_NAME                     SEARCH_CONDITION                                                                                                                                
------------------------------ --------------------------------------------------------------------------------                                                                
R_OWNER                                                                                                                  R_CONSTRAINT_NAME              DELETE_RU STATUS       
------------------------------------------------------------------------------------------------------------------------ ------------------------------ --------- --------     
DEFERRABLE     DEFERRED  VALIDATED     GENERATED      BAD RELY LAST_CHAN INDEX_OWNER                    INDEX_NAME                     INVALID VIEW_RELATED                    
-------------- --------- ------------- -------------- --- ---- --------- ------------------------------ ------------------------------ ------- --------------                  
KICKY                                                                                                                    SYS_C007043                    C                      
STUDENT                        "LAST" IS NOT NULL                                                                                                                              
                                                                                                                                                                  ENABLED      
NOT DEFERRABLE IMMEDIATE VALIDATED     GENERATED NAME          10-FEB-22                                                                                                       
                                                                                                                                                                               

OWNER                                                                                                                    CONSTRAINT_NAME                C                      
------------------------------------------------------------------------------------------------------------------------ ------------------------------ -                      
TABLE_NAME                     SEARCH_CONDITION                                                                                                                                
------------------------------ --------------------------------------------------------------------------------                                                                
R_OWNER                                                                                                                  R_CONSTRAINT_NAME              DELETE_RU STATUS       
------------------------------------------------------------------------------------------------------------------------ ------------------------------ --------- --------     
DEFERRABLE     DEFERRED  VALIDATED     GENERATED      BAD RELY LAST_CHAN INDEX_OWNER                    INDEX_NAME                     INVALID VIEW_RELATED                    
-------------- --------- ------------- -------------- --- ---- --------- ------------------------------ ------------------------------ ------- --------------                  
KICKY                                                                                                                    SYS_C007044                    C                      
STUDENT                        "FIRST" IS NOT NULL                                                                                                                             
                                                                                                                                                                  ENABLED      
NOT DEFERRABLE IMMEDIATE VALIDATED     GENERATED NAME          10-FEB-22                                                                                                       
                                                                                                                                                                               

OWNER                                                                                                                    CONSTRAINT_NAME                C                      
------------------------------------------------------------------------------------------------------------------------ ------------------------------ -                      
TABLE_NAME                     SEARCH_CONDITION                                                                                                                                
------------------------------ --------------------------------------------------------------------------------                                                                
R_OWNER                                                                                                                  R_CONSTRAINT_NAME              DELETE_RU STATUS       
------------------------------------------------------------------------------------------------------------------------ ------------------------------ --------- --------     
DEFERRABLE     DEFERRED  VALIDATED     GENERATED      BAD RELY LAST_CHAN INDEX_OWNER                    INDEX_NAME                     INVALID VIEW_RELATED                    
-------------- --------- ------------- -------------- --- ---- --------- ------------------------------ ------------------------------ ------- --------------                  
KICKY                                                                                                                    SYS_C007045                    P                      
STUDENT                                                                                                                                                                        
                                                                                                                                                                  ENABLED      
NOT DEFERRABLE IMMEDIATE VALIDATED     GENERATED NAME          10-FEB-22 KICKY                          SYS_C007045                                                            
                                                                                                                                                                               

6 rows selected.

SQL> select * from user_constraints where table_name = 'STUDENT';

OWNER                                                                                                                    CONSTRAINT_NAME                C                      
------------------------------------------------------------------------------------------------------------------------ ------------------------------ -                      
TABLE_NAME                     SEARCH_CONDITION                                                                                                                                
------------------------------ --------------------------------------------------------------------------------                                                                
R_OWNER                                                                                                                  R_CONSTRAINT_NAME              DELETE_RU STATUS       
------------------------------------------------------------------------------------------------------------------------ ------------------------------ --------- --------     
DEFERRABLE     DEFERRED  VALIDATED     GENERATED      BAD RELY LAST_CHAN INDEX_OWNER                    INDEX_NAME                     INVALID VIEW_RELATED                    
-------------- --------- ------------- -------------- --- ---- --------- ------------------------------ ------------------------------ ------- --------------                  
KICKY                                                                                                                    TERM_FK                        R                      
STUDENT                                                                                                                                                                        
KICKY                                                                                                                    SYS_C007066                    NO ACTION ENABLED      
NOT DEFERRABLE IMMEDIATE VALIDATED     USER NAME               10-FEB-22                                                                                                       
                                                                                                                                                                               

OWNER                                                                                                                    CONSTRAINT_NAME                C                      
------------------------------------------------------------------------------------------------------------------------ ------------------------------ -                      
TABLE_NAME                     SEARCH_CONDITION                                                                                                                                
------------------------------ --------------------------------------------------------------------------------                                                                
R_OWNER                                                                                                                  R_CONSTRAINT_NAME              DELETE_RU STATUS       
------------------------------------------------------------------------------------------------------------------------ ------------------------------ --------- --------     
DEFERRABLE     DEFERRED  VALIDATED     GENERATED      BAD RELY LAST_CHAN INDEX_OWNER                    INDEX_NAME                     INVALID VIEW_RELATED                    
-------------- --------- ------------- -------------- --- ---- --------- ------------------------------ ------------------------------ ------- --------------                  
KICKY                                                                                                                    FACULTY_FK                     R                      
STUDENT                                                                                                                                                                        
KICKY                                                                                                                    SYS_C007047                    NO ACTION ENABLED      
NOT DEFERRABLE IMMEDIATE VALIDATED     USER NAME               10-FEB-22                                                                                                       
                                                                                                                                                                               

OWNER                                                                                                                    CONSTRAINT_NAME                C                      
------------------------------------------------------------------------------------------------------------------------ ------------------------------ -                      
TABLE_NAME                     SEARCH_CONDITION                                                                                                                                
------------------------------ --------------------------------------------------------------------------------                                                                
R_OWNER                                                                                                                  R_CONSTRAINT_NAME              DELETE_RU STATUS       
------------------------------------------------------------------------------------------------------------------------ ------------------------------ --------- --------     
DEFERRABLE     DEFERRED  VALIDATED     GENERATED      BAD RELY LAST_CHAN INDEX_OWNER                    INDEX_NAME                     INVALID VIEW_RELATED                    
-------------- --------- ------------- -------------- --- ---- --------- ------------------------------ ------------------------------ ------- --------------                  
KICKY                                                                                                                    MAJOR_FK                       R                      
STUDENT                                                                                                                                                                        
KICKY                                                                                                                    SYS_C007068                    NO ACTION ENABLED      
NOT DEFERRABLE IMMEDIATE VALIDATED     USER NAME               10-FEB-22                                                                                                       
                                                                                                                                                                               

OWNER                                                                                                                    CONSTRAINT_NAME                C                      
------------------------------------------------------------------------------------------------------------------------ ------------------------------ -                      
TABLE_NAME                     SEARCH_CONDITION                                                                                                                                
------------------------------ --------------------------------------------------------------------------------                                                                
R_OWNER                                                                                                                  R_CONSTRAINT_NAME              DELETE_RU STATUS       
------------------------------------------------------------------------------------------------------------------------ ------------------------------ --------- --------     
DEFERRABLE     DEFERRED  VALIDATED     GENERATED      BAD RELY LAST_CHAN INDEX_OWNER                    INDEX_NAME                     INVALID VIEW_RELATED                    
-------------- --------- ------------- -------------- --- ---- --------- ------------------------------ ------------------------------ ------- --------------                  
KICKY                                                                                                                    SYS_C007043                    C                      
STUDENT                        "LAST" IS NOT NULL                                                                                                                              
                                                                                                                                                                  ENABLED      
NOT DEFERRABLE IMMEDIATE VALIDATED     GENERATED NAME          10-FEB-22                                                                                                       
                                                                                                                                                                               

OWNER                                                                                                                    CONSTRAINT_NAME                C                      
------------------------------------------------------------------------------------------------------------------------ ------------------------------ -                      
TABLE_NAME                     SEARCH_CONDITION                                                                                                                                
------------------------------ --------------------------------------------------------------------------------                                                                
R_OWNER                                                                                                                  R_CONSTRAINT_NAME              DELETE_RU STATUS       
------------------------------------------------------------------------------------------------------------------------ ------------------------------ --------- --------     
DEFERRABLE     DEFERRED  VALIDATED     GENERATED      BAD RELY LAST_CHAN INDEX_OWNER                    INDEX_NAME                     INVALID VIEW_RELATED                    
-------------- --------- ------------- -------------- --- ---- --------- ------------------------------ ------------------------------ ------- --------------                  
KICKY                                                                                                                    SYS_C007044                    C                      
STUDENT                        "FIRST" IS NOT NULL                                                                                                                             
                                                                                                                                                                  ENABLED      
NOT DEFERRABLE IMMEDIATE VALIDATED     GENERATED NAME          10-FEB-22                                                                                                       
                                                                                                                                                                               

OWNER                                                                                                                    CONSTRAINT_NAME                C                      
------------------------------------------------------------------------------------------------------------------------ ------------------------------ -                      
TABLE_NAME                     SEARCH_CONDITION                                                                                                                                
------------------------------ --------------------------------------------------------------------------------                                                                
R_OWNER                                                                                                                  R_CONSTRAINT_NAME              DELETE_RU STATUS       
------------------------------------------------------------------------------------------------------------------------ ------------------------------ --------- --------     
DEFERRABLE     DEFERRED  VALIDATED     GENERATED      BAD RELY LAST_CHAN INDEX_OWNER                    INDEX_NAME                     INVALID VIEW_RELATED                    
-------------- --------- ------------- -------------- --- ---- --------- ------------------------------ ------------------------------ ------- --------------                  
KICKY                                                                                                                    SYS_C007045                    P                      
STUDENT                                                                                                                                                                        
                                                                                                                                                                  ENABLED      
NOT DEFERRABLE IMMEDIATE VALIDATED     GENERATED NAME          10-FEB-22 KICKY                          SYS_C007045                                                            
                                                                                                                                                                               

6 rows selected.

SQL> select constraint_name, constraint_type from user_constraints where table_name = 'STUDENT';

CONSTRAINT_NAME                C                                                                                                                                               
------------------------------ -                                                                                                                                               
TERM_FK                        R                                                                                                                                               
FACULTY_FK                     R                                                                                                                                               
MAJOR_FK                       R                                                                                                                                               
SYS_C007043                    C                                                                                                                                               
SYS_C007044                    C                                                                                                                                               
SYS_C007045                    P                                                                                                                                               

6 rows selected.

SQL> select constraint_name, constraint_type from user_constraints where table_name = 'FACULTY';

CONSTRAINT_NAME                C                                                                                                                                               
------------------------------ -                                                                                                                                               
ROOMID_FK                      R                                                                                                                                               
DEPTID_FK                      R                                                                                                                                               
SYS_C007046                    C                                                                                                                                               
SYS_C007047                    P                                                                                                                                               
SYS_C007048                    U                                                                                                                                               

SQL> select constraint_name, constraint_type from user_constraints where table_name = 'CRSSECTION';

CONSTRAINT_NAME                C                                                                                                                                               
------------------------------ -                                                                                                                                               
COURSEID_FK                    R                                                                                                                                               
TERMID_FK                      R                                                                                                                                               
FACULTYID_FK                   R                                                                                                                                               
ROOMID_CRS_FK                  R                                                                                                                                               
SYS_C007049                    C                                                                                                                                               
SYS_C007050                    C                                                                                                                                               
SYS_C007051                    C                                                                                                                                               
MAXCOUNT_CHK                   C                                                                                                                                               
SYS_C007053                    P                                                                                                                                               

9 rows selected.

SQL> select constraint_name, constraint_type from user_constraints where table_name = 'COURSE';

CONSTRAINT_NAME                C                                                                                                                                               
------------------------------ -                                                                                                                                               
SYS_C007056                    U                                                                                                                                               
PREREQ_FK                      R                                                                                                                                               
CREDITS_CHK                    C                                                                                                                                               
SYS_C007055                    P                                                                                                                                               

SQL> select constraint_name, constraint_type from user_constraints where table_name = 'REGISTRATION';

CONSTRAINT_NAME                C                                                                                                                                               
------------------------------ -                                                                                                                                               
MIDTERM_CHK                    C                                                                                                                                               
FINAL_CHK                      C                                                                                                                                               
REGSTATUS_CHK                  C                                                                                                                                               
REGISTRATION_PK                P                                                                                                                                               
STUDENTID_FK                   R                                                                                                                                               
CSID_FK                        R                                                                                                                                               

6 rows selected.

SQL> select constraint_name, constraint_type from user_constraints where table_name = 'ROOM';

CONSTRAINT_NAME                C                                                                                                                                               
------------------------------ -                                                                                                                                               
SYS_C007060                    P                                                                                                                                               

SQL> select constraint_name, constraint_type from user_constraints where table_name = 'LOCATION';

CONSTRAINT_NAME                C                                                                                                                                               
------------------------------ -                                                                                                                                               
SYS_C007061                    C                                                                                                                                               
SYS_C007062                    C                                                                                                                                               
CAPACITY_CHK                   C                                                                                                                                               
SYS_C007064                    P                                                                                                                                               
SYS_C007065                    U                                                                                                                                               
ROOMTYPE_FK                    R                                                                                                                                               

6 rows selected.

SQL> select constraint_name, constraint_type from user_constraints where table_name = 'TERM';

CONSTRAINT_NAME                C                                                                                                                                               
------------------------------ -                                                                                                                                               
SYS_C007066                    P                                                                                                                                               

SQL> select constraint_name, constraint_type from user_constraints where table_name = 'DEPARTMENT';

CONSTRAINT_NAME                C                                                                                                                                               
------------------------------ -                                                                                                                                               
SYS_C007067                    P                                                                                                                                               
FACULTYID_DEP_FK               R                                                                                                                                               

SQL> select constraint_name, constraint_type from user_constraints where table_name = 'MAJOR';

CONSTRAINT_NAME                C                                                                                                                                               
------------------------------ -                                                                                                                                               
SYS_C007068                    P                                                                                                                                               

SQL> insert into course(courseid, title, credits, prereq) values ('EN100', 'Basic English', 0);
insert into course(courseid, title, credits, prereq) values ('EN100', 'Basic English', 0)
                                                     *
ERROR at line 1:
ORA-00947: not enough values 


SQL> insert into course(courseid, title, credits) values ('EN100', 'Basic English', 0);

1 row created.

SQL> insert into course(courseid, title, credits, prereq) values ('LA123', 'English Literature', 3, 'EN100');

1 row created.

SQL> insert into course(courseid, title, credits) values ('CIS253', 'Database Systems', 3);

1 row created.

SQL> insert into course(courseid, title, credits, prereq) values ('CIS265', 'Systems Analysis', 3, 'CIS253');

1 row created.

SQL> insert into course(courseid, title, credits) values ('MA150', 'College Algebra', 3);

1 row created.

SQL> insert into course(courseid, title, credits) values ('AC101', 'Accounting', 3);

1 row created.

SQL> insert into room(roomtype, roomdesc) values ('L', 'Lab');

1 row created.

SQL> insert into room(roomtype, roomdesc) values ('C', 'Classroom');

1 row created.

SQL> insert into room(roomtype, roomdesc) values ('O', 'Office');

1 row created.

SQL> insert into term(termid, termdesc, startdate, enddate) values ('SP02', 'Spring 2002', '28-APR-02', '16-AUG-02');

1 row created.

SQL> insert into term(termid, termdesc, startdate, enddate) values ('FL02', 'Fall 2002', '08-SEP-02', '20-DEC-02');

1 row created.

SQL> insert into term(termid, termdesc, startdate, enddate) values ('WN03', 'Winter 2003', '05-JAN-03', '18-APR-03');

1 row created.

SQL> insert into term(termid, termdesc, startdate, enddate) values ('SP03', 'Spring 2003', '27-APR-03', '15-AUG-03');

1 row created.

SQL> insert into term(termid, termdesc, startdate, enddate) values ('FL03', 'Fall 2003', '07-SEP-03', '19-DEC-03');

1 row created.

SQL> insert into major(majorid, majordesc) values('100', 'AAS-Accounting');

1 row created.

SQL> insert into major(majorid, majordesc) values('200', 'AAS-Computer Science');

1 row created.

SQL> insert into major(majorid, majordesc) values('300', 'AAS-Telecommunications');

1 row created.

SQL> insert into major(majorid, majordesc) values('400', 'BS-Accounting');

1 row created.

SQL> insert into major(majorid, majordesc) values('500', 'BS-Computer Science');

1 row created.

SQL> insert into major(majorid, majordesc) values('600', 'BS-Telecommunications');

1 row created.

SQL> insert into department(deptid, deptname, facultyid) values (1, 'Computer Science', 111);
insert into department(deptid, deptname, facultyid) values (1, 'Computer Science', 111)
*
ERROR at line 1:
ORA-02291: integrity constraint (KICKY.FACULTYID_DEP_FK) violated - parent key not found 


SQL> insert into department(deptid, deptname, facultyid) values (1, 'Computer Science', 111);
insert into department(deptid, deptname, facultyid) values (1, 'Computer Science', 111)
*
ERROR at line 1:
ORA-02291: integrity constraint (KICKY.FACULTYID_DEP_FK) violated - parent key not found 


SQL> desc department
 Name                                                                                               Null?    Type
 -------------------------------------------------------------------------------------------------- -------- ------------------------------------------------------------------
 DEPTID                                                                                             NOT NULL NUMBER(1)
 DEPTNAME                                                                                                    VARCHAR2(20)
 FACULTYID                                                                                                   NUMBER(3)

SQL> select * from user_constraints where table_name = 'department';

no rows selected

SQL> select * from user_constraints where table_name = 'DEPARTMENT';

OWNER                                                                                                                    CONSTRAINT_NAME                C                      
------------------------------------------------------------------------------------------------------------------------ ------------------------------ -                      
TABLE_NAME                     SEARCH_CONDITION                                                                                                                                
------------------------------ --------------------------------------------------------------------------------                                                                
R_OWNER                                                                                                                  R_CONSTRAINT_NAME              DELETE_RU STATUS       
------------------------------------------------------------------------------------------------------------------------ ------------------------------ --------- --------     
DEFERRABLE     DEFERRED  VALIDATED     GENERATED      BAD RELY LAST_CHAN INDEX_OWNER                    INDEX_NAME                     INVALID VIEW_RELATED                    
-------------- --------- ------------- -------------- --- ---- --------- ------------------------------ ------------------------------ ------- --------------                  
KICKY                                                                                                                    SYS_C007067                    P                      
DEPARTMENT                                                                                                                                                                     
                                                                                                                                                                  ENABLED      
NOT DEFERRABLE IMMEDIATE VALIDATED     GENERATED NAME          10-FEB-22 KICKY                          SYS_C007067                                                            
                                                                                                                                                                               

OWNER                                                                                                                    CONSTRAINT_NAME                C                      
------------------------------------------------------------------------------------------------------------------------ ------------------------------ -                      
TABLE_NAME                     SEARCH_CONDITION                                                                                                                                
------------------------------ --------------------------------------------------------------------------------                                                                
R_OWNER                                                                                                                  R_CONSTRAINT_NAME              DELETE_RU STATUS       
------------------------------------------------------------------------------------------------------------------------ ------------------------------ --------- --------     
DEFERRABLE     DEFERRED  VALIDATED     GENERATED      BAD RELY LAST_CHAN INDEX_OWNER                    INDEX_NAME                     INVALID VIEW_RELATED                    
-------------- --------- ------------- -------------- --- ---- --------- ------------------------------ ------------------------------ ------- --------------                  
KICKY                                                                                                                    FACULTYID_DEP_FK               R                      
DEPARTMENT                                                                                                                                                                     
KICKY                                                                                                                    SYS_C007047                    NO ACTION ENABLED      
NOT DEFERRABLE IMMEDIATE VALIDATED     USER NAME               10-FEB-22                                                                                                       
                                                                                                                                                                               

SQL> insert into department(deptid, deptname, facultyid) values(1, 'Computer Science', 111);
insert into department(deptid, deptname, facultyid) values(1, 'Computer Science', 111)
*
ERROR at line 1:
ORA-02291: integrity constraint (KICKY.FACULTYID_DEP_FK) violated - parent key not found 


SQL> select * from department;

no rows selected

SQL> insert into faculty(facultyid, name, roomid, phone, deptid) values (111, 'Jones', 11, 525, 1);
insert into faculty(facultyid, name, roomid, phone, deptid) values (111, 'Jones', 11, 525, 1)
*
ERROR at line 1:
ORA-02291: integrity constraint (KICKY.DEPTID_FK) violated - parent key not found 


SQL> select constraint_name from user_constraints where table_name = 'DEPARTMENT';

CONSTRAINT_NAME                                                                                                                                                                
------------------------------                                                                                                                                                 
SYS_C007067                                                                                                                                                                    
FACULTYID_DEP_FK                                                                                                                                                               

SQL> alter table drop constraint faculty_dep_fk;
alter table drop constraint faculty_dep_fk
            *
ERROR at line 1:
ORA-00903: invalid table name 


SQL> alter table department drop constraint faculty_dep_fk;
alter table department drop constraint faculty_dep_fk
                                       *
ERROR at line 1:
ORA-02443: Cannot drop constraint  - nonexistent constraint 


SQL> alter table department drop constraint facultyid_dep_fk;

Table altered.

SQL> insert into department(deptid, deptname, facultyid) values(1, 'Computer Science', 111);

1 row created.

SQL> insert into department(deptid, deptname, facultyid) values(2, 'Telecommunications', 222);

1 row created.

SQL> insert into department(deptid, deptname, facultyid) values(3, 'Accounting', 333);

1 row created.

SQL> insert into department(deptid, deptname, facultyid) values(4, 'Math and Science', 444);

1 row created.

SQL> insert into department(deptid, deptname, facultyid) values(5, 'Liberal Arts', 555);

1 row created.

SQL> alter table department add constraint facultyid_dep_fk foreign key(facultyid) references faculty(facultyid);
alter table department add constraint facultyid_dep_fk foreign key(facultyid) references faculty(facultyid)
                                      *
ERROR at line 1:
ORA-02298: cannot validate (KICKY.FACULTYID_DEP_FK) - parent keys not found 


SQL> insert into faculty(facultyid, name, roomid, phone, deptid) values(111, 'Jones', 11, 525, 1);
insert into faculty(facultyid, name, roomid, phone, deptid) values(111, 'Jones', 11, 525, 1)
*
ERROR at line 1:
ORA-02291: integrity constraint (KICKY.ROOMID_FK) violated - parent key not found 


SQL> alter table faculty drop constraint roomid_fk;

Table altered.

SQL> insert into faculty(facultyid, name, roomid, phone, deptid) values(111, 'Jones', 11, 525, 1);

1 row created.

SQL> insert into faculty(facultyid, name, roomid, phone, deptid) values(222, 'Williams', 20, 533, 2);

1 row created.

SQL> insert into faculty(facultyid, name, roomid, phone, deptid) values(123, 'Mobley', 11, 529, 1);

1 row created.

SQL> insert into faculty(facultyid, name, roomid, phone, deptid) values(235, 'Vajpayee', 12, 577, 2);

1 row created.

SQL> insert into faculty(facultyid, name, roomid, phone, deptid) values(345, 'Sen', 12, 579, 3);

1 row created.

SQL> insert into faculty(facultyid, name, roomid, phone, deptid) values(444, 'Rivera', 21, 544, 4);

1 row created.

SQL> insert into faculty(facultyid, name, roomid, phone, deptid) values(555, 'Chang', 17, 587, 5);

1 row created.

SQL> insert into faculty(facultyid, name, roomid, phone, deptid) values(333, 'Collins', 17, 599, 3);

1 row created.

SQL> alter table department add constraint facultyid_dep_fk foreign key(facultyid) references faculty(facultyid);

Table altered.

SQL> alter table faculty add constraint roomid_fk foreign key(roomid) references location(roomid);
alter table faculty add constraint roomid_fk foreign key(roomid) references location(roomid)
                                   *
ERROR at line 1:
ORA-02298: cannot validate (KICKY.ROOMID_FK) - parent keys not found 


SQL> insert into location (roomid, building, roomno, capacity, roomtype) values (11, 'Gandhi', 101, 2, 'O');

1 row created.

SQL> insert into location (roomid, building, roomno, capacity, roomtype) values (12, 'Gandhi', 103, 2, 'O');

1 row created.

SQL> insert into location (roomid, building, roomno, capacity, roomtype) values (12, 'Kennedy', 202, 35, 'L');
insert into location (roomid, building, roomno, capacity, roomtype) values (12, 'Kennedy', 202, 35, 'L')
*
ERROR at line 1:
ORA-00001: unique constraint (KICKY.SYS_C007064) violated 


SQL> insert into location (roomid, building, roomno, capacity, roomtype) values (13, 'Kennedy', 202, 35, 'L');

1 row created.

SQL> insert into location (roomid, building, roomno, capacity, roomtype) values (14, 'Kennedy', 204, 50, 'L');

1 row created.

SQL> insert into location (roomid, building, roomno, capacity, roomtype) values (15, 'Nehru', 301, 50, 'C');

1 row created.

SQL> insert into location (roomid, building, roomno, capacity, roomtype) values (16, 'Nehru', 309, 45, 'C');

1 row created.

SQL> insert into location (roomid, building, roomno, capacity, roomtype) values (17, 'Gandhi', 105, 2, 'O');

1 row created.

SQL> insert into location (roomid, building, roomno, capacity, roomtype) values (18, 'Kennedy', 206, 40, 'L');

1 row created.

SQL> insert into location (roomid, building, roomno, capacity, roomtype) values (19, 'Kennedy', 210, 30, 'L');

1 row created.

SQL> insert into location (roomid, building, roomno, capacity, roomtype) values (20, 'Gandhi', 107, 2, 'O');

1 row created.

SQL> insert into location (roomid, building, roomno, capacity, roomtype) values (21, 'Gandhi', 109, 2, 'O');

1 row created.

SQL> alter table faculty add constraint roomid_fk foreign key(roomid) references location(roomid);

Table altered.

SQL> insert into student(studentid, last, first, street, city, state, zip, startterm, birthday, faculty, majorid, phone) values (00100, 'Diaz', 'Jose', '1 Ford Avenue #7', 'Hill', 'NJ', 08863, 'WN03', '02/12/1983', 123, 100, 9735551111);
insert into student(studentid, last, first, street, city, state, zip, startterm, birthday, faculty, majorid, phone) values (00100, 'Diaz', 'Jose', '1 Ford Avenue #7', 'Hill', 'NJ', 08863, 'WN03', '02/12/1983', 123, 100, 9735551111)
                                                                                           *
ERROR at line 1:
ORA-00904: "FACULTY": invalid identifier 


SQL> insert into student(studentid, last, first, street, city, state, zip, startterm, birthday, faculty, majorid, phone) values (00100, 'Diaz', 'Jose', '1 Ford Avenue #7', 'Hill', 'NJ', 08863, 'WN03', '02/12/1983', 123, 100, 9735551111);
insert into student(studentid, last, first, street, city, state, zip, startterm, birthday, faculty, majorid, phone) values (00100, 'Diaz', 'Jose', '1 Ford Avenue #7', 'Hill', 'NJ', 08863, 'WN03', '02/12/1983', 123, 100, 9735551111)
                                                                                           *
ERROR at line 1:
ORA-00904: "FACULTY": invalid identifier 


SQL> insert into student(studentid, last, first, street, city, state, zip, startterm, birthday, faculty, majorid, phone) values (00100, 'Diaz', 'Jose', '1 Ford Avenue #7', 'Hill', 'NJ', 08863, 'WN03', to_date('02-12-1983', 'DD-MM-YYYY'), 123, 100, 9735551111);
insert into student(studentid, last, first, street, city, state, zip, startterm, birthday, faculty, majorid, phone) values (00100, 'Diaz', 'Jose', '1 Ford Avenue #7', 'Hill', 'NJ', 08863, 'WN03', to_date('02-12-1983', 'DD-MM-YYYY'), 123, 100, 9735551111)
                                                                                           *
ERROR at line 1:
ORA-00904: "FACULTY": invalid identifier 


SQL> insert into student(studentid, last, first, street, city, state, zip, startterm, birthday, facultyid, majorid, phone) values (00100, 'Diaz', 'Jose', '1 Ford Avenue #7', 'Hill', 'NJ', 08863, 'WN03', '02/12/1983', 123, 100, 9735551111);
insert into student(studentid, last, first, street, city, state, zip, startterm, birthday, facultyid, majorid, phone) values (00100, 'Diaz', 'Jose', '1 Ford Avenue #7', 'Hill', 'NJ', 08863, 'WN03', '02/12/1983', 123, 100, 9735551111)
                                                                                                                                                                                                      *
ERROR at line 1:
ORA-01843: not a valid month 


SQL> insert into student(studentid, last, first, street, city, state, zip, startterm, birthday, facultyid, majorid, phone) values (00100, 'Diaz', 'Jose', '1 Ford Avenue #7', 'Hill', 'NJ', 08863, 'WN03', to_date('02-12-1983', 'DD-MM-YYYY'), 123, 100, 9735551111);

1 row created.

SQL> insert into student(studentid, last, first, street, city, state, zip, startterm, birthday, facultyid, majorid, phone) values (00101, 'Tyler', 'Mickey', '12 Morris Avenue', 'Bronx', 'NY', 10468, 'SP03', to_date('03-18-1984', 'MM-DD-YYYY'), 555, 500, 7185552222);

1 row created.

SQL> update student set date = to_date('02-12-1983', 'MM-DD-YYYY') where studentid = 00100;
update student set date = to_date('02-12-1983', 'MM-DD-YYYY') where studentid = 00100
                   *
ERROR at line 1:
ORA-01747: invalid user.table.column, table.column, or column specification 


SQL> update student set birthdate = to_date('02-12-1983', 'MM-DD-YYYY') where studentid = 00100;
update student set birthdate = to_date('02-12-1983', 'MM-DD-YYYY') where studentid = 00100
                   *
ERROR at line 1:
ORA-00904: "BIRTHDATE": invalid identifier 


SQL> update student set birthday = to_date('02-12-1983', 'MM-DD-YYYY') where studentid = 00100;

1 row updated.

SQL> insert into student(studentid, last, first, street, city, state, zip, startterm, birthday, facultyid, majorid, phone) values (00102, 'Patel', 'Rajesh', '25 River Road #3', 'Edison', 'NJ', 08837, 'WN03', to_date('12-12-1985', 'MM-DD-YYYY'), 111, 400, 7325553333);

1 row created.

SQL> insert into student(studentid, last, first, street, city, state, zip, startterm, birthday, facultyid, majorid, phone) values (00103, 'Rickles', 'Deborah', '100 Main Street', 'Iselin', 'NJ', 08838, 'FL02', to_date('10-20-1970', 'MM-DD-YYYY'), 555, 500, 7325554444);

1 row created.

SQL> insert into student(studentid, last, first, street, city, state, zip, startterm, birthday, facultyid, majorid, phone) values (00104, 'Lee', 'Brian', '2845 First Lane', 'Hope', 'NY', 11373, 'WN03', to_date('11-28-1985', 'MM-DD-YYYY'), 345, 600, 2125555555);

1 row created.

SQL> insert into student(studentid, last, first, street, city, state, zip, startterm, birthday, facultyid, majorid, phone) values (00105, 'Khan', 'Amir', '213 Broadway', 'Clifton', 'NJ', 07222, 'WN03', to_date('07-07-1984', 'MM-DD-YYYY'), 222, 200, 2015556666);

1 row created.

SQL> insert into crssection(&csid, &courseid, &section, &termid, &facultyid, &day, &starttime, &endtime, &roomid, &maxcount);
Enter value for csid: 1101
Enter value for courseid: CIS265
Enter value for section: 01
Enter value for termid: WN03
Enter value for facultyid: 111
Enter value for day: MW
Enter value for starttime: 09:00
Enter value for endtime: 10:30
Enter value for roomid: 13
Enter value for maxcount: 30
old   1: insert into crssection(&csid, &courseid, &section, &termid, &facultyid, &day, &starttime, &endtime, &roomid, &maxcount)
new   1: insert into crssection(1101, CIS265, 01, WN03, 111, MW, 09:00, 10:30, 13, 30)
SP2-0552: Bind variable "30" not declared.
SQL> insert into crssection(1101, 'CIS265', 01, 'WN03', 111, 'MW', '09:00', '10:30', 13, 30);
insert into crssection(1101, 'CIS265', 01, 'WN03', 111, 'MW', '09:00', '10:30', 13, 30)
                       *
ERROR at line 1:
ORA-00928: missing SELECT keyword 


SQL> insert into crssection(csid, courseid, section, termid, facultyid, day, starttime, endtime, roomid, maxcount) values (1101, 'CIS265', 01, 'WN03', 111, 'MW', '09:00', '10:30', 13, 30);

1 row created.

SQL> insert into crssection(csid, courseid, section, termid, facultyid, day, starttime, endtime, roomid, maxcount) values (1102, 'CIS253', 01, 'WN03', 123, 'TR', '09:00', '10:30', 18, 40);

1 row created.

SQL> insert into crssection(csid, courseid, section, termid, facultyid, day, starttime, endtime, roomid, maxcount) values (1103, 'MA105', 02, 'WN03', 444, 'F', '09:00', '12:00', 15, 25);
insert into crssection(csid, courseid, section, termid, facultyid, day, starttime, endtime, roomid, maxcount) values (1103, 'MA105', 02, 'WN03', 444, 'F', '09:00', '12:00', 15, 25)
*
ERROR at line 1:
ORA-02291: integrity constraint (KICKY.COURSEID_FK) violated - parent key not found 


SQL> insert into crssection(csid, courseid, section, termid, facultyid, day, starttime, endtime, roomid, maxcount) values (1103, 'MA150', 02, 'WN03', 444, 'F', '09:00', '12:00', 15, 25);

1 row created.

SQL> insert into crssection(csid, courseid, section, termid, facultyid, day, starttime, endtime, roomid, maxcount) values (1104, 'AC101', 10, 'WN03', 345, 'MW', '10:30', '12:00', 16, 35);

1 row created.

SQL> insert into crssection(csid, courseid, section, termid, day, starttime, endtime, roomid, maxcount) values (1205, 'CIS265', 01, 'SP03', 'MW', '09:00', '10:30', 14, 35);

1 row created.

SQL> insert into crssection(csid, courseid, section, termid, facultyid, day, starttime, endtime, roomid, maxcount) values (1206, 'CIS265', 02, 'SP03', 111, 'TR', '09:00', '10:30', 18, 30);

1 row created.

SQL> insert into crssection(csid, courseid, section, termid, day, starttime, endtime, roomid, maxcount) values (1207, 'LA123', 05, 'SP03', 'MW', '09:00', '10:30', 15, 30);

1 row created.

SQL> insert into crssection(csid, courseid, section, termid, facultyid, day, starttime, endtime, roomid, maxcount) values (1208, 'CIS253', 21, 'SP03', 123, 'TR', '09:00', '10:30', 14, 40);

1 row created.

SQL> insert into crssection(csid, courseid, section, termid, facultyid, day, starttime, endtime, roomid, maxcount) values (1209, 'CIS253', 11, 'SP03', 111, 'MW', '09:00', '10:30', 18, 40);

1 row created.

SQL> insert into crssection(csid, courseid, section, termid, facultyid, day, starttime, endtime, roomid, maxcount) values (1210, 'CIS253', 31, 'SP03', 123, 'F', 'TBA', 'TBA', 19, 2);

1 row created.

SQL> insert into registration(studentid, csid, midterm, final, regstatus) values (00100, 1103, 'C', 'F', 'R');

1 row created.

SQL> insert into registration(studentid, csid, midterm, final, regstatus) values (00100, 1102, 'B', 'B', 'R');

1 row created.

SQL> insert into registration(studentid, csid, midterm, final, regstatus) values (00100, 1104, 'B', 'A', 'R');

1 row created.

SQL> insert into registration(studentid, csid, midterm, final, regstatus) values (00102, 1102, 'F', 'D', 'R');

1 row created.

SQL> insert into registration(studentid, csid, midterm, final, regstatus) values (00102, 1103, 'A', 'A', 'R');

1 row created.

SQL> insert into registration(studentid, csid, midterm, final, regstatus) values (00103, 1101, 'F', 'W', 'W');

1 row created.

SQL> insert into registration(studentid, csid, midterm, final, regstatus) values (00103, 1104, 'D', 'D', 'R');

1 row created.

SQL> insert into registration(studentid, csid, regstatus) values (00100, 1207, 'X');

1 row created.

SQL> insert into registration(studentid, csid, regstatus) values (00103, 1206, 'W');

1 row created.

SQL> insert into registration(studentid, csid, regstatus) values (00104, 1206, 'X');

1 row created.

SQL> insert into registration(studentid, csid, regstatus) values (00104, 1207, 'R');

1 row created.

SQL> insert into registration(studentid, csid, regstatus) values (00104, 1210, 'R');

1 row created.

SQL> insert into registration(studentid, csid, regstatus) values (00105, 1208, 'R');

1 row created.

SQL> insert into registration(studentid, csid, regstatus) values (00105, 1209, 'X');

1 row created.

SQL> insert into registration(studentid, csid, regstatus) values (00101, 1205, 'X');

1 row created.

SQL> insert into registration(studentid, csid, regstatus) values (00102, 1210, 'R');

1 row created.

SQL> insert into registration(studentid, csid, regstatus) values (00102, 1207, 'R');

1 row created.

SQL> insert into registration(studentid, csid, regstatus) values (00102, 1206, 'X');

1 row created.

SQL> select constraint_name, constraint_type from user_constraints where table_name = 'STUDENT';

CONSTRAINT_NAME                C                                                                                                                                               
------------------------------ -                                                                                                                                               
TERM_FK                        R                                                                                                                                               
FACULTY_FK                     R                                                                                                                                               
MAJOR_FK                       R                                                                                                                                               
SYS_C007043                    C                                                                                                                                               
SYS_C007044                    C                                                                                                                                               
SYS_C007045                    P                                                                                                                                               

6 rows selected.

SQL> select constraint_name, constraint_type from user_constraints where table_name = 'FACULTY';

CONSTRAINT_NAME                C                                                                                                                                               
------------------------------ -                                                                                                                                               
DEPTID_FK                      R                                                                                                                                               
ROOMID_FK                      R                                                                                                                                               
SYS_C007046                    C                                                                                                                                               
SYS_C007047                    P                                                                                                                                               
SYS_C007048                    U                                                                                                                                               

SQL> select constraint_name, constraint_type from user_constraints where table_name = 'CRSSECTION';

CONSTRAINT_NAME                C                                                                                                                                               
------------------------------ -                                                                                                                                               
COURSEID_FK                    R                                                                                                                                               
TERMID_FK                      R                                                                                                                                               
FACULTYID_FK                   R                                                                                                                                               
ROOMID_CRS_FK                  R                                                                                                                                               
SYS_C007049                    C                                                                                                                                               
SYS_C007050                    C                                                                                                                                               
SYS_C007051                    C                                                                                                                                               
MAXCOUNT_CHK                   C                                                                                                                                               
SYS_C007053                    P                                                                                                                                               

9 rows selected.

SQL> select constraint_name, constraint_type from user_constraints where table_name = 'COURSE';

CONSTRAINT_NAME                C                                                                                                                                               
------------------------------ -                                                                                                                                               
SYS_C007056                    U                                                                                                                                               
PREREQ_FK                      R                                                                                                                                               
CREDITS_CHK                    C                                                                                                                                               
SYS_C007055                    P                                                                                                                                               

SQL> select constraint_name, constraint_type from user_constraints where table_name = 'REGISTRATION';

CONSTRAINT_NAME                C                                                                                                                                               
------------------------------ -                                                                                                                                               
MIDTERM_CHK                    C                                                                                                                                               
FINAL_CHK                      C                                                                                                                                               
REGSTATUS_CHK                  C                                                                                                                                               
REGISTRATION_PK                P                                                                                                                                               
STUDENTID_FK                   R                                                                                                                                               
CSID_FK                        R                                                                                                                                               

6 rows selected.

SQL> select constraint_name, constraint_type from user_constraints where table_name = 'ROOM';

CONSTRAINT_NAME                C                                                                                                                                               
------------------------------ -                                                                                                                                               
SYS_C007060                    P                                                                                                                                               

SQL> select constraint_name, constraint_type from user_constraints where table_name = 'LOCATION';

CONSTRAINT_NAME                C                                                                                                                                               
------------------------------ -                                                                                                                                               
SYS_C007061                    C                                                                                                                                               
SYS_C007062                    C                                                                                                                                               
CAPACITY_CHK                   C                                                                                                                                               
SYS_C007064                    P                                                                                                                                               
SYS_C007065                    U                                                                                                                                               
ROOMTYPE_FK                    R                                                                                                                                               

6 rows selected.

SQL> select constraint_name, constraint_type from user_constraints where table_name = 'TERM';

CONSTRAINT_NAME                C                                                                                                                                               
------------------------------ -                                                                                                                                               
SYS_C007066                    P                                                                                                                                               

SQL> select constraint_name, constraint_type from user_constraints where table_name = 'DEPARTMENT';

CONSTRAINT_NAME                C                                                                                                                                               
------------------------------ -                                                                                                                                               
SYS_C007067                    P                                                                                                                                               
FACULTYID_DEP_FK               R                                                                                                                                               

SQL> select constraint_name, constraint_type from user_constraints where table_name = 'MAJOR';

CONSTRAINT_NAME                C                                                                                                                                               
------------------------------ -                                                                                                                                               
SYS_C007068                    P                                                                                                                                               

SQL> select * from course;

COURSE TITLE                   CREDITS PREREQ                                                                                                                                  
------ -------------------- ---------- ------                                                                                                                                  
EN100  Basic English                 0                                                                                                                                         
LA123  English Literature            3 EN100                                                                                                                                   
CIS253 Database Systems              3                                                                                                                                         
CIS265 Systems Analysis              3 CIS253                                                                                                                                  
MA150  College Algebra               3                                                                                                                                         
AC101  Accounting                    3                                                                                                                                         

6 rows selected.

SQL> select * from room;

R ROOMDESC                                                                                                                                                                     
- ---------                                                                                                                                                                    
L Lab                                                                                                                                                                          
C Classroom                                                                                                                                                                    
O Office                                                                                                                                                                       

SQL> select * from term;

TERM TERMDESC    STARTDATE ENDDATE                                                                                                                                             
---- ----------- --------- ---------                                                                                                                                           
SP02 Spring 2002 28-APR-02 16-AUG-02                                                                                                                                           
FL02 Fall 2002   08-SEP-02 20-DEC-02                                                                                                                                           
WN03 Winter 2003 05-JAN-03 18-APR-03                                                                                                                                           
SP03 Spring 2003 27-APR-03 15-AUG-03                                                                                                                                           
FL03 Fall 2003   07-SEP-03 19-DEC-03                                                                                                                                           

SQL> select * from major;

   MAJORID MAJORDESC                                                                                                                                                           
---------- -------------------------                                                                                                                                           
       100 AAS-Accounting                                                                                                                                                      
       200 AAS-Computer Science                                                                                                                                                
       300 AAS-Telecommunications                                                                                                                                              
       400 BS-Accounting                                                                                                                                                       
       500 BS-Computer Science                                                                                                                                                 
       600 BS-Telecommunications                                                                                                                                               

6 rows selected.

SQL> select * from department;

    DEPTID DEPTNAME              FACULTYID                                                                                                                                     
---------- -------------------- ----------                                                                                                                                     
         1 Computer Science            111                                                                                                                                     
         2 Telecommunications          222                                                                                                                                     
         3 Accounting                  333                                                                                                                                     
         4 Math and Science            444                                                                                                                                     
         5 Liberal Arts                555                                                                                                                                     

SQL> select * from location;

    ROOMID BUILDIN ROO   CAPACITY R                                                                                                                                            
---------- ------- --- ---------- -                                                                                                                                            
        11 Gandhi  101          2 O                                                                                                                                            
        12 Gandhi  103          2 O                                                                                                                                            
        13 Kennedy 202         35 L                                                                                                                                            
        14 Kennedy 204         50 L                                                                                                                                            
        15 Nehru   301         50 C                                                                                                                                            
        16 Nehru   309         45 C                                                                                                                                            
        17 Gandhi  105          2 O                                                                                                                                            
        18 Kennedy 206         40 L                                                                                                                                            
        19 Kennedy 210         30 L                                                                                                                                            
        20 Gandhi  107          2 O                                                                                                                                            
        21 Gandhi  109          2 O                                                                                                                                            

11 rows selected.

SQL> select * from faculty;

 FACULTYID NAME                ROOMID PHO     DEPTID                                                                                                                           
---------- --------------- ---------- --- ----------                                                                                                                           
       111 Jones                   11 525          1                                                                                                                           
       222 Williams                20 533          2                                                                                                                           
       123 Mobley                  11 529          1                                                                                                                           
       235 Vajpayee                12 577          2                                                                                                                           
       345 Sen                     12 579          3                                                                                                                           
       444 Rivera                  21 544          4                                                                                                                           
       555 Chang                   17 587          5                                                                                                                           
       333 Collins                 17 599          3                                                                                                                           

8 rows selected.

SQL> select * from student;

STUDE LAST            FIRST           STREET                    CITY            STATE           ZIP   STAR BIRTHDAY   FACULTYID    MAJORID PHONE                               
----- --------------- --------------- ------------------------- --------------- --------------- ----- ---- --------- ---------- ---------- ----------                          
100   Diaz            Jose            1 Ford Avenue #7          Hill            NJ              8863  WN03 12-FEB-83        123        100 9735551111                          
101   Tyler           Mickey          12 Morris Avenue          Bronx           NY              10468 SP03 18-MAR-84        555        500 7185552222                          
102   Patel           Rajesh          25 River Road #3          Edison          NJ              8837  WN03 12-DEC-85        111        400 7325553333                          
103   Rickles         Deborah         100 Main Street           Iselin          NJ              8838  FL02 20-OCT-70        555        500 7325554444                          
104   Lee             Brian           2845 First Lane           Hope            NY              11373 WN03 28-NOV-85        345        600 2125555555                          
105   Khan            Amir            213 Broadway              Clifton         NJ              7222  WN03 07-JUL-84        222        200 2015556666                          

6 rows selected.

SQL> select * from student;

STUDE LAST            FIRST           STREET                    CITY            STATE           ZIP   STAR BIRTHDAY   FACULTYID    MAJORID PHONE                               
----- --------------- --------------- ------------------------- --------------- --------------- ----- ---- --------- ---------- ---------- ----------                          
100   Diaz            Jose            1 Ford Avenue #7          Hill            NJ              8863  WN03 12-FEB-83        123        100 9735551111                          
101   Tyler           Mickey          12 Morris Avenue          Bronx           NY              10468 SP03 18-MAR-84        555        500 7185552222                          
102   Patel           Rajesh          25 River Road #3          Edison          NJ              8837  WN03 12-DEC-85        111        400 7325553333                          
103   Rickles         Deborah         100 Main Street           Iselin          NJ              8838  FL02 20-OCT-70        555        500 7325554444                          
104   Lee             Brian           2845 First Lane           Hope            NY              11373 WN03 28-NOV-85        345        600 2125555555                          
105   Khan            Amir            213 Broadway              Clifton         NJ              7222  WN03 07-JUL-84        222        200 2015556666                          

6 rows selected.

SQL> select * from crssection;

      CSID COURSE SE TERM  FACULTYID DA START ENDTI     ROOMID   MAXCOUNT                                                                                                      
---------- ------ -- ---- ---------- -- ----- ----- ---------- ----------                                                                                                      
      1101 CIS265 1  WN03        111 MW 09:00 10:30         13         30                                                                                                      
      1102 CIS253 1  WN03        123 TR 09:00 10:30         18         40                                                                                                      
      1103 MA150  2  WN03        444 F  09:00 12:00         15         25                                                                                                      
      1104 AC101  10 WN03        345 MW 10:30 12:00         16         35                                                                                                      
      1205 CIS265 1  SP03            MW 09:00 10:30         14         35                                                                                                      
      1206 CIS265 2  SP03        111 TR 09:00 10:30         18         30                                                                                                      
      1207 LA123  5  SP03            MW 09:00 10:30         15         30                                                                                                      
      1208 CIS253 21 SP03        123 TR 09:00 10:30         14         40                                                                                                      
      1209 CIS253 11 SP03        111 MW 09:00 10:30         18         40                                                                                                      
      1210 CIS253 31 SP03        123 F  TBA   TBA           19          2                                                                                                      

10 rows selected.

SQL> select * from registration;

STUDE       CSID M F R                                                                                                                                                         
----- ---------- - - -                                                                                                                                                         
100         1103 C F R                                                                                                                                                         
100         1102 B B R                                                                                                                                                         
100         1104 B A R                                                                                                                                                         
102         1102 F D R                                                                                                                                                         
102         1103 A A R                                                                                                                                                         
103         1101 F W W                                                                                                                                                         
103         1104 D D R                                                                                                                                                         
100         1207     X                                                                                                                                                         
103         1206     W                                                                                                                                                         
104         1206     X                                                                                                                                                         
104         1207     R                                                                                                                                                         

STUDE       CSID M F R                                                                                                                                                         
----- ---------- - - -                                                                                                                                                         
104         1210     R                                                                                                                                                         
105         1208     R                                                                                                                                                         
105         1209     X                                                                                                                                                         
101         1205     X                                                                                                                                                         
102         1210     R                                                                                                                                                         
102         1207     R                                                                                                                                                         
102         1206     X                                                                                                                                                         

18 rows selected.

SQL> select * from registration;

STUDE       CSID M F R                                                                                                                                                         
----- ---------- - - -                                                                                                                                                         
100         1103 C F R                                                                                                                                                         
100         1102 B B R                                                                                                                                                         
100         1104 B A R                                                                                                                                                         
102         1102 F D R                                                                                                                                                         
102         1103 A A R                                                                                                                                                         
103         1101 F W W                                                                                                                                                         
103         1104 D D R                                                                                                                                                         
100         1207     X                                                                                                                                                         
103         1206     W                                                                                                                                                         
104         1206     X                                                                                                                                                         
104         1207     R                                                                                                                                                         

STUDE       CSID M F R                                                                                                                                                         
----- ---------- - - -                                                                                                                                                         
104         1210     R                                                                                                                                                         
105         1208     R                                                                                                                                                         
105         1209     X                                                                                                                                                         
101         1205     X                                                                                                                                                         
102         1210     R                                                                                                                                                         
102         1207     R                                                                                                                                                         
102         1206     X                                                                                                                                                         

18 rows selected.

SQL> spool off
